Component: ARM Compiler 5.05 update 1 (build 106) Tool: armlink [4d0efa]

==============================================================================

Section Cross References

    main.o(i.LM75B_set_mode) refers to nrf_drv_twi.o(i.nrf_drv_twi_tx) for nrf_drv_twi_tx
    main.o(i.LM75B_set_mode) refers to app_error.o(i.app_error_handler_bare) for app_error_handler_bare
    main.o(i.LM75B_set_mode) refers to main.o(.data) for .data
    main.o(i.LM75B_set_mode) refers to main.o(.constdata) for .constdata
    main.o(i.main) refers to nrf_log_frontend.o(i.nrf_log_init) for nrf_log_init
    main.o(i.main) refers to app_error.o(i.app_error_handler_bare) for app_error_handler_bare
    main.o(i.main) refers to nrf_log_default_backends.o(i.nrf_log_default_backends_init) for nrf_log_default_backends_init
    main.o(i.main) refers to nrf_log_frontend.o(i.nrf_log_frontend_std_0) for nrf_log_frontend_std_0
    main.o(i.main) refers to nrf_log_frontend.o(i.nrf_log_frontend_dequeue) for nrf_log_frontend_dequeue
    main.o(i.main) refers to main.o(i.twi_init) for twi_init
    main.o(i.main) refers to nrf_drv_twi.o(i.nrf_drv_twi_rx) for nrf_drv_twi_rx
    main.o(i.main) refers to main.o(i.nrf_delay_us) for nrf_delay_us
    main.o(i.main) refers to nrf_drv_twi.o(i.nrf_drv_twi_tx) for nrf_drv_twi_tx
    main.o(i.main) refers to nrf_log_frontend.o(log_dynamic_data) for m_nrf_log_app_logs_data_dynamic
    main.o(i.main) refers to main.o(.constdata) for .constdata
    main.o(i.nrf_delay_us) refers to system_nrf52.o(.data) for SystemCoreClock
    main.o(i.twi_handler) refers to nrf_log_frontend.o(i.nrf_log_frontend_std_1) for nrf_log_frontend_std_1
    main.o(i.twi_handler) refers to main.o(.data) for .data
    main.o(i.twi_handler) refers to nrf_log_frontend.o(log_dynamic_data) for m_nrf_log_app_logs_data_dynamic
    main.o(i.twi_init) refers to nrf_drv_twi.o(i.nrf_drv_twi_init) for nrf_drv_twi_init
    main.o(i.twi_init) refers to app_error.o(i.app_error_handler_bare) for app_error_handler_bare
    main.o(i.twi_init) refers to nrf_drv_twi.o(i.nrf_drv_twi_enable) for nrf_drv_twi_enable
    main.o(i.twi_init) refers to main.o(.constdata) for .constdata
    main.o(i.twi_init) refers to main.o(i.twi_handler) for twi_handler
    boards.o(i.bsp_board_button_idx_to_pin) refers to boards.o(.constdata) for .constdata
    boards.o(i.bsp_board_button_state_get) refers to boards.o(.constdata) for .constdata
    boards.o(i.bsp_board_buttons_init) refers to boards.o(i.nrf_gpio_cfg) for nrf_gpio_cfg
    boards.o(i.bsp_board_buttons_init) refers to boards.o(.constdata) for .constdata
    boards.o(i.bsp_board_led_idx_to_pin) refers to boards.o(.constdata) for .constdata
    boards.o(i.bsp_board_led_invert) refers to boards.o(.constdata) for .constdata
    boards.o(i.bsp_board_led_off) refers to boards.o(i.nrf_gpio_pin_write) for nrf_gpio_pin_write
    boards.o(i.bsp_board_led_off) refers to boards.o(.constdata) for .constdata
    boards.o(i.bsp_board_led_on) refers to boards.o(i.nrf_gpio_pin_write) for nrf_gpio_pin_write
    boards.o(i.bsp_board_led_on) refers to boards.o(.constdata) for .constdata
    boards.o(i.bsp_board_led_state_get) refers to boards.o(.constdata) for .constdata
    boards.o(i.bsp_board_leds_init) refers to boards.o(i.nrf_gpio_cfg) for nrf_gpio_cfg
    boards.o(i.bsp_board_leds_init) refers to boards.o(i.bsp_board_leds_off) for bsp_board_leds_off
    boards.o(i.bsp_board_leds_init) refers to boards.o(.constdata) for .constdata
    boards.o(i.bsp_board_leds_off) refers to boards.o(i.bsp_board_led_off) for bsp_board_led_off
    boards.o(i.bsp_board_leds_on) refers to boards.o(i.bsp_board_led_on) for bsp_board_led_on
    boards.o(i.bsp_board_pin_to_button_idx) refers to boards.o(.constdata) for .constdata
    boards.o(i.bsp_board_pin_to_led_idx) refers to boards.o(.constdata) for .constdata
    nrf_drv_twi.o(i.SPIM0_SPIS0_TWIM0_TWIS0_SPI0_TWI0_IRQHandler) refers to nrf_drv_twi.o(i.irq_handler_twim) for irq_handler_twim
    nrf_drv_twi.o(i.SPIM0_SPIS0_TWIM0_TWIS0_SPI0_TWI0_IRQHandler) refers to nrf_drv_twi.o(.bss) for .bss
    nrf_drv_twi.o(i.irq_handler_twim) refers to nrf_drv_twi.o(i.nrf_twim_event_check) for nrf_twim_event_check
    nrf_drv_twi.o(i.irq_handler_twim) refers to nrf_drv_twi.o(i.nrf_twim_event_clear) for nrf_twim_event_clear
    nrf_drv_twi.o(i.nrf_delay_us) refers to system_nrf52.o(.data) for SystemCoreClock
    nrf_drv_twi.o(i.nrf_drv_twi_disable) refers to nrf_drv_twi.o(.bss) for .bss
    nrf_drv_twi.o(i.nrf_drv_twi_enable) refers to nrf_drv_twi.o(.bss) for .bss
    nrf_drv_twi.o(i.nrf_drv_twi_init) refers to nrf_drv_twi.o(i.twi_clear_bus) for twi_clear_bus
    nrf_drv_twi.o(i.nrf_drv_twi_init) refers to nrf_drv_common.o(i.nrf_drv_common_irq_enable) for nrf_drv_common_irq_enable
    nrf_drv_twi.o(i.nrf_drv_twi_init) refers to nrf_drv_twi.o(.bss) for .bss
    nrf_drv_twi.o(i.nrf_drv_twi_is_busy) refers to nrf_drv_twi.o(.bss) for .bss
[...]
    segger_rtt.o(i.SEGGER_RTT_ReadNoLock) refers to memcpya.o(.text) for __aeabi_memcpy
    segger_rtt.o(i.SEGGER_RTT_ReadNoLock) refers to segger_rtt.o(.bss) for .bss
    segger_rtt.o(i.SEGGER_RTT_SetFlagsDownBuffer) refers to segger_rtt.o(i._DoInit) for _DoInit
    segger_rtt.o(i.SEGGER_RTT_SetFlagsDownBuffer) refers to app_util_platform.o(i.app_util_critical_region_enter) for app_util_critical_region_enter
    segger_rtt.o(i.SEGGER_RTT_SetFlagsDownBuffer) refers to app_util_platform.o(i.app_util_critical_region_exit) for app_util_critical_region_exit
    segger_rtt.o(i.SEGGER_RTT_SetFlagsDownBuffer) refers to segger_rtt.o(.bss) for .bss
    segger_rtt.o(i.SEGGER_RTT_SetFlagsUpBuffer) refers to segger_rtt.o(i._DoInit) for _DoInit
    segger_rtt.o(i.SEGGER_RTT_SetFlagsUpBuffer) refers to app_util_platform.o(i.app_util_critical_region_enter) for app_util_critical_region_enter
    segger_rtt.o(i.SEGGER_RTT_SetFlagsUpBuffer) refers to app_util_platform.o(i.app_util_critical_region_exit) for app_util_critical_region_exit
    segger_rtt.o(i.SEGGER_RTT_SetFlagsUpBuffer) refers to segger_rtt.o(.bss) for .bss
    segger_rtt.o(i.SEGGER_RTT_SetNameDownBuffer) refers to segger_rtt.o(i._DoInit) for _DoInit
    segger_rtt.o(i.SEGGER_RTT_SetNameDownBuffer) refers to app_util_platform.o(i.app_util_critical_region_enter) for app_util_critical_region_enter
    segger_rtt.o(i.SEGGER_RTT_SetNameDownBuffer) refers to app_util_platform.o(i.app_util_critical_region_exit) for app_util_critical_region_exit
    segger_rtt.o(i.SEGGER_RTT_SetNameDownBuffer) refers to segger_rtt.o(.bss) for .bss
    segger_rtt.o(i.SEGGER_RTT_SetNameUpBuffer) refers to segger_rtt.o(i._DoInit) for _DoInit
    segger_rtt.o(i.SEGGER_RTT_SetNameUpBuffer) refers to app_util_platform.o(i.app_util_critical_region_enter) for app_util_critical_region_enter
    segger_rtt.o(i.SEGGER_RTT_SetNameUpBuffer) refers to app_util_platform.o(i.app_util_critical_region_exit) for app_util_critical_region_exit
    segger_rtt.o(i.SEGGER_RTT_SetNameUpBuffer) refers to segger_rtt.o(.bss) for .bss
    segger_rtt.o(i.SEGGER_RTT_SetTerminal) refers to segger_rtt.o(i._DoInit) for _DoInit
    segger_rtt.o(i.SEGGER_RTT_SetTerminal) refers to app_util_platform.o(i.app_util_critical_region_enter) for app_util_critical_region_enter
    segger_rtt.o(i.SEGGER_RTT_SetTerminal) refers to segger_rtt.o(i._GetAvailWriteSpace) for _GetAvailWriteSpace
    segger_rtt.o(i.SEGGER_RTT_SetTerminal) refers to segger_rtt.o(i._WriteNoCheck) for _WriteNoCheck
    segger_rtt.o(i.SEGGER_RTT_SetTerminal) refers to segger_rtt.o(i._WriteBlocking) for _WriteBlocking
    segger_rtt.o(i.SEGGER_RTT_SetTerminal) refers to app_util_platform.o(i.app_util_critical_region_exit) for app_util_critical_region_exit
    segger_rtt.o(i.SEGGER_RTT_SetTerminal) refers to segger_rtt.o(.bss) for .bss
    segger_rtt.o(i.SEGGER_RTT_SetTerminal) refers to segger_rtt.o(.data) for .data
    segger_rtt.o(i.SEGGER_RTT_TerminalOut) refers to segger_rtt.o(i._DoInit) for _DoInit
    segger_rtt.o(i.SEGGER_RTT_TerminalOut) refers to strlen.o(.text) for strlen
    segger_rtt.o(i.SEGGER_RTT_TerminalOut) refers to app_util_platform.o(i.app_util_critical_region_enter) for app_util_critical_region_enter
    segger_rtt.o(i.SEGGER_RTT_TerminalOut) refers to segger_rtt.o(i._GetAvailWriteSpace) for _GetAvailWriteSpace
    segger_rtt.o(i.SEGGER_RTT_TerminalOut) refers to segger_rtt.o(i._PostTerminalSwitch) for _PostTerminalSwitch
    segger_rtt.o(i.SEGGER_RTT_TerminalOut) refers to segger_rtt.o(i._WriteBlocking) for _WriteBlocking
    segger_rtt.o(i.SEGGER_RTT_TerminalOut) refers to app_util_platform.o(i.app_util_critical_region_exit) for app_util_critical_region_exit
    segger_rtt.o(i.SEGGER_RTT_TerminalOut) refers to segger_rtt.o(.bss) for .bss
    segger_rtt.o(i.SEGGER_RTT_TerminalOut) refers to segger_rtt.o(.data) for .data
    segger_rtt.o(i.SEGGER_RTT_WaitKey) refers to segger_rtt.o(i.SEGGER_RTT_GetKey) for SEGGER_RTT_GetKey
    segger_rtt.o(i.SEGGER_RTT_Write) refers to segger_rtt.o(i._DoInit) for _DoInit
    segger_rtt.o(i.SEGGER_RTT_Write) refers to app_util_platform.o(i.app_util_critical_region_enter) for app_util_critical_region_enter
    segger_rtt.o(i.SEGGER_RTT_Write) refers to segger_rtt.o(i.SEGGER_RTT_WriteNoLock) for SEGGER_RTT_WriteNoLock
    segger_rtt.o(i.SEGGER_RTT_Write) refers to app_util_platform.o(i.app_util_critical_region_exit) for app_util_critical_region_exit
    segger_rtt.o(i.SEGGER_RTT_Write) refers to segger_rtt.o(.bss) for .bss
    segger_rtt.o(i.SEGGER_RTT_WriteNoLock) refers to segger_rtt.o(i._GetAvailWriteSpace) for _GetAvailWriteSpace
    segger_rtt.o(i.SEGGER_RTT_WriteNoLock) refers to segger_rtt.o(i._WriteNoCheck) for _WriteNoCheck
    segger_rtt.o(i.SEGGER_RTT_WriteNoLock) refers to segger_rtt.o(i._WriteBlocking) for _WriteBlocking
    segger_rtt.o(i.SEGGER_RTT_WriteNoLock) refers to segger_rtt.o(.bss) for .bss
    segger_rtt.o(i.SEGGER_RTT_WriteSkipNoLock) refers to memcpya.o(.text) for __aeabi_memcpy
    segger_rtt.o(i.SEGGER_RTT_WriteSkipNoLock) refers to segger_rtt.o(.bss) for .bss
    segger_rtt.o(i.SEGGER_RTT_WriteString) refers to strlen.o(.text) for strlen
    segger_rtt.o(i.SEGGER_RTT_WriteString) refers to segger_rtt.o(i.SEGGER_RTT_Write) for SEGGER_RTT_Write
    segger_rtt.o(i.SEGGER_RTT_WriteWithOverwriteNoLock) refers to memcpya.o(.text) for __aeabi_memcpy
    segger_rtt.o(i.SEGGER_RTT_WriteWithOverwriteNoLock) refers to segger_rtt.o(.bss) for .bss
    segger_rtt.o(i._DoInit) refers to strcpy.o(.text) for strcpy
    segger_rtt.o(i._DoInit) refers to segger_rtt.o(.bss) for .bss
    segger_rtt.o(i._PostTerminalSwitch) refers to segger_rtt.o(i._WriteBlocking) for _WriteBlocking
    segger_rtt.o(i._PostTerminalSwitch) refers to segger_rtt.o(.data) for .data
    segger_rtt.o(i._WriteBlocking) refers to memcpya.o(.text) for __aeabi_memcpy
    segger_rtt.o(i._WriteNoCheck) refers to memcpya.o(.text) for __aeabi_memcpy
    segger_rtt_printf.o(i.SEGGER_RTT_printf) refers to segger_rtt_printf.o(i.SEGGER_RTT_vprintf) for SEGGER_RTT_vprintf
    segger_rtt_printf.o(i.SEGGER_RTT_vprintf) refers to segger_rtt_printf.o(i._StoreChar) for _StoreChar
    segger_rtt_printf.o(i.SEGGER_RTT_vprintf) refers to segger_rtt_printf.o(i._PrintInt) for _PrintInt
    segger_rtt_printf.o(i.SEGGER_RTT_vprintf) refers to segger_rtt_printf.o(i._PrintUnsigned) for _PrintUnsigned
    segger_rtt_printf.o(i.SEGGER_RTT_vprintf) refers to segger_rtt.o(i.SEGGER_RTT_Write) for SEGGER_RTT_Write
    segger_rtt_printf.o(i._PrintInt) refers to segger_rtt_printf.o(i._StoreChar) for _StoreChar
    segger_rtt_printf.o(i._PrintInt) refers to segger_rtt_printf.o(i._PrintUnsigned) for _PrintUnsigned
    segger_rtt_printf.o(i._PrintUnsigned) refers to segger_rtt_printf.o(i._StoreChar) for _StoreChar
    segger_rtt_printf.o(i._PrintUnsigned) refers to segger_rtt_printf.o(.constdata) for .constdata
    segger_rtt_printf.o(i._StoreChar) refers to segger_rtt.o(i.SEGGER_RTT_Write) for SEGGER_RTT_Write
    arm_startup_nrf52.o(RESET) refers to arm_startup_nrf52.o(STACK) for __initial_sp
    arm_startup_nrf52.o(RESET) refers to arm_startup_nrf52.o(.text) for Reset_Handler
    arm_startup_nrf52.o(RESET) refers to nrf_drv_uart.o(i.UARTE0_UART0_IRQHandler) for UARTE0_UART0_IRQHandler
    arm_startup_nrf52.o(RESET) refers to nrf_drv_twi.o(i.SPIM0_SPIS0_TWIM0_TWIS0_SPI0_TWI0_IRQHandler) for SPIM0_SPIS0_TWIM0_TWIS0_SPI0_TWI0_IRQHandler
    arm_startup_nrf52.o(.text) refers to system_nrf52.o(i.SystemInit) for SystemInit
    arm_startup_nrf52.o(.text) refers to entry.o(.ARM.Collect$$$$00000000) for __main
    system_nrf52.o(i.SystemCoreClockUpdate) refers to system_nrf52.o(.data) for .data
    system_nrf52.o(i.SystemInit) refers to system_nrf52.o(.data) for .data
    entry.o(.ARM.Collect$$$$00000000) refers (Special) to entry10a.o(.ARM.Collect$$$$0000000D) for __rt_final_cpp
    entry.o(.ARM.Collect$$$$00000000) refers (Special) to entry11a.o(.ARM.Collect$$$$0000000F) for __rt_final_exit
    entry.o(.ARM.Collect$$$$00000000) refers (Special) to entry7b.o(.ARM.Collect$$$$00000008) for _main_clock
    entry.o(.ARM.Collect$$$$00000000) refers (Special) to entry8b.o(.ARM.Collect$$$$0000000A) for _main_cpp_init
    entry.o(.ARM.Collect$$$$00000000) refers (Special) to entry9a.o(.ARM.Collect$$$$0000000B) for _main_init
    entry.o(.ARM.Collect$$$$00000000) refers (Special) to entry5.o(.ARM.Collect$$$$00000004) for _main_scatterload
    entry.o(.ARM.Collect$$$$00000000) refers (Special) to entry2.o(.ARM.Collect$$$$00000001) for _main_stk
    ctype_o.o(.text) refers to ctype_o.o(.constdata) for .constdata
    ctype_o.o(.constdata) refers to ctype_o.o(.constdata) for __ctype_table
    isalnum_o.o(.text) refers to ctype_o.o(.text) for __rt_ctype_table
    isalpha_o.o(.text) refers to ctype_o.o(.text) for __rt_ctype_table
    isblank_o.o(.text) refers to ctype_o.o(.constdata) for __ctype_table
    iscntrl_o.o(.text) refers to ctype_o.o(.text) for __rt_ctype_table
    isdigit_o.o(.text) refers to ctype_o.o(.text) for __rt_ctype_table
    isgraph_o.o(.text) refers to ctype_o.o(.text) for __rt_ctype_table
    islower_o.o(.text) refers to ctype_o.o(.text) for __rt_ctype_table
    isprint_o.o(.text) refers to ctype_o.o(.text) for __rt_ctype_table
    ispunct_o.o(.text) refers to ctype_o.o(.text) for __rt_ctype_table
    isspace_o.o(.text) refers to ctype_o.o(.text) for __rt_ctype_table
    isupper_o.o(.text) refers to ctype_o.o(.text) for __rt_ctype_table
    isxdigit_o.o(.text) refers to ctype_o.o(.text) for __rt_ctype_table
    entry2.o(.ARM.Collect$$$$00000001) refers to entry2.o(.ARM.Collect$$$$00002712) for __lit__00000000
    entry2.o(.ARM.Collect$$$$00002712) refers to arm_startup_nrf52.o(STACK) for __initial_sp
    entry2.o(__vectab_stack_and_reset_area) refers to arm_startup_nrf52.o(STACK) for __initial_sp
    entry2.o(__vectab_stack_and_reset_area) refers to entry.o(.ARM.Collect$$$$00000000) for __main
    entry5.o(.ARM.Collect$$$$00000004) refers to init.o(.text) for __scatterload
    entry9a.o(.ARM.Collect$$$$0000000B) refers to main.o(i.main) for main
    entry9b.o(.ARM.Collect$$$$0000000C) refers to main.o(i.main) for main
    init.o(.text) refers to entry5.o(.ARM.Collect$$$$00000004) for __main_after_scatterload


==============================================================================

Removing Unused input sections from the image.

    Removing main.o(.rev16_text), (4 bytes).
    Removing main.o(.revsh_text), (4 bytes).
    Removing main.o(.rrx_text), (6 bytes).
    Removing main.o(i.LM75B_set_mode), (52 bytes).
    Removing boards.o(.rev16_text), (4 bytes).
    Removing boards.o(.revsh_text), (4 bytes).
    Removing boards.o(.rrx_text), (6 bytes).
    Removing boards.o(i.bsp_board_button_idx_to_pin), (12 bytes).
    Removing boards.o(i.bsp_board_button_state_get), (32 bytes).
    Removing boards.o(i.bsp_board_buttons_init), (36 bytes).
    Removing boards.o(i.bsp_board_led_idx_to_pin), (12 bytes).
    Removing boards.o(i.bsp_board_led_invert), (36 bytes).
    Removing boards.o(i.bsp_board_led_off), (16 bytes).
    Removing boards.o(i.bsp_board_led_on), (16 bytes).
    Removing boards.o(i.bsp_board_led_state_get), (32 bytes).
    Removing boards.o(i.bsp_board_leds_init), (44 bytes).
    Removing boards.o(i.bsp_board_leds_off), (18 bytes).
    Removing boards.o(i.bsp_board_leds_on), (18 bytes).
    Removing boards.o(i.bsp_board_pin_to_button_idx), (36 bytes).
    Removing boards.o(i.bsp_board_pin_to_led_idx), (36 bytes).
    Removing boards.o(i.nrf_gpio_cfg), (36 bytes).
    Removing boards.o(i.nrf_gpio_pin_write), (22 bytes).
    Removing boards.o(.constdata), (8 bytes).
    Removing nrf_drv_common.o(.rev16_text), (4 bytes).
    Removing nrf_drv_common.o(.revsh_text), (4 bytes).
    Removing nrf_drv_common.o(.rrx_text), (6 bytes).
    Removing nrf_drv_twi.o(.rev16_text), (4 bytes).
    Removing nrf_drv_twi.o(.revsh_text), (4 bytes).
    Removing nrf_drv_twi.o(.rrx_text), (6 bytes).
    Removing nrf_drv_twi.o(i.nrf_drv_twi_data_count_get), (4 bytes).
    Removing nrf_drv_twi.o(i.nrf_drv_twi_disable), (48 bytes).
    Removing nrf_drv_twi.o(i.nrf_drv_twi_is_busy), (24 bytes).
    Removing nrf_drv_twi.o(i.nrf_drv_twi_start_task_get), (16 bytes).
    Removing nrf_drv_twi.o(i.nrf_drv_twi_stopped_event_get), (8 bytes).
    Removing nrf_drv_twi.o(i.nrf_drv_twi_uninit), (108 bytes).
    Removing nrf_drv_twi.o(.constdata), (17 bytes).
    Removing nrf_drv_twi.o(.constdata), (10 bytes).
    Removing nrf_drv_twi.o(.constdata), (17 bytes).
    Removing nrf_drv_uart.o(.rev16_text), (4 bytes).
    Removing nrf_drv_uart.o(.revsh_text), (4 bytes).
    Removing nrf_drv_uart.o(.rrx_text), (6 bytes).
    Removing nrf_drv_uart.o(i.nrf_drv_uart_errorsrc_get), (48 bytes).
    Removing nrf_drv_uart.o(i.nrf_drv_uart_rx), (176 bytes).
    Removing nrf_drv_uart.o(i.nrf_drv_uart_rx_abort), (40 bytes).
    Removing nrf_drv_uart.o(i.nrf_drv_uart_rx_disable), (36 bytes).
    Removing nrf_drv_uart.o(i.nrf_drv_uart_rx_enable), (48 bytes).
    Removing nrf_drv_uart.o(i.nrf_drv_uart_rx_for_uart), (168 bytes).
    Removing nrf_drv_uart.o(i.nrf_drv_uart_rx_for_uarte), (176 bytes).
    Removing nrf_drv_uart.o(i.nrf_drv_uart_rx_ready), (36 bytes).
    Removing nrf_drv_uart.o(i.nrf_drv_uart_tx_abort), (88 bytes).
    Removing nrf_drv_uart.o(i.rx_enable), (32 bytes).
    Removing app_error.o(.rev16_text), (4 bytes).
    Removing app_error.o(.revsh_text), (4 bytes).
    Removing app_error.o(.rrx_text), (6 bytes).
    Removing app_error.o(i.app_error_handler), (24 bytes).
    Removing app_error.o(i.app_error_save_and_stop), (100 bytes).
    Removing app_error.o(.bss), (32 bytes).
    Removing app_error_weak.o(.rev16_text), (4 bytes).
    Removing app_error_weak.o(.revsh_text), (4 bytes).
    Removing app_error_weak.o(.rrx_text), (6 bytes).
    Removing app_util_platform.o(.rev16_text), (4 bytes).
    Removing app_util_platform.o(.revsh_text), (4 bytes).
    Removing app_util_platform.o(.rrx_text), (6 bytes).
    Removing app_util_platform.o(i.current_int_priority_get), (48 bytes).
    Removing app_util_platform.o(i.privilege_level_get), (26 bytes).
    Removing nrf_assert.o(.rev16_text), (4 bytes).
    Removing nrf_assert.o(.revsh_text), (4 bytes).
    Removing nrf_assert.o(.rrx_text), (6 bytes).
    Removing nrf_assert.o(i.assert_nrf_callback), (22 bytes).
    Removing nrf_balloc.o(.rev16_text), (4 bytes).
    Removing nrf_balloc.o(.revsh_text), (4 bytes).
    Removing nrf_balloc.o(.rrx_text), (6 bytes).
    Removing nrf_fprintf.o(.rev16_text), (4 bytes).
    Removing nrf_fprintf.o(.revsh_text), (4 bytes).
    Removing nrf_fprintf.o(.rrx_text), (6 bytes).
    Removing nrf_fprintf_format.o(.rev16_text), (4 bytes).
    Removing nrf_fprintf_format.o(.revsh_text), (4 bytes).
    Removing nrf_fprintf_format.o(.rrx_text), (6 bytes).
    Removing nrf_memobj.o(.rev16_text), (4 bytes).
    Removing nrf_memobj.o(.revsh_text), (4 bytes).
    Removing nrf_memobj.o(.rrx_text), (6 bytes).
    Removing nrf_strerror.o(.rev16_text), (4 bytes).
    Removing nrf_strerror.o(.revsh_text), (4 bytes).
    Removing nrf_strerror.o(.rrx_text), (6 bytes).
    Removing nrf_strerror.o(i.nrf_strerror_find), (56 bytes).
    Removing nrf_strerror.o(i.nrf_strerror_get), (20 bytes).
    Removing nrf_strerror.o(.constdata), (260 bytes).
    Removing nrf_strerror.o(.conststring), (776 bytes).
    Removing nrf_log_backend_rtt.o(.rev16_text), (4 bytes).
    Removing nrf_log_backend_rtt.o(.revsh_text), (4 bytes).
    Removing nrf_log_backend_rtt.o(.rrx_text), (6 bytes).
    Removing nrf_log_backend_rtt.o(i.nrf_log_backend_rtt_flush), (2 bytes).
    Removing nrf_log_backend_rtt.o(i.nrf_log_backend_rtt_init), (4 bytes).
    Removing nrf_log_backend_rtt.o(i.nrf_log_backend_rtt_panic_set), (2 bytes).
    Removing nrf_log_backend_rtt.o(i.nrf_log_backend_rtt_put), (24 bytes).
    Removing nrf_log_backend_rtt.o(i.serial_tx), (42 bytes).
    Removing nrf_log_backend_rtt.o(.constdata), (12 bytes).
    Removing nrf_log_backend_rtt.o(.data), (1 bytes).
    Removing nrf_log_backend_serial.o(.rev16_text), (4 bytes).
    Removing nrf_log_backend_serial.o(.revsh_text), (4 bytes).
    Removing nrf_log_backend_serial.o(.rrx_text), (6 bytes).
    Removing nrf_log_backend_uart.o(.rev16_text), (4 bytes).
    Removing nrf_log_backend_uart.o(.revsh_text), (4 bytes).
    Removing nrf_log_backend_uart.o(.rrx_text), (6 bytes).
    Removing nrf_log_default_backends.o(.rev16_text), (4 bytes).
    Removing nrf_log_default_backends.o(.revsh_text), (4 bytes).
    Removing nrf_log_default_backends.o(.rrx_text), (6 bytes).
    Removing nrf_log_frontend.o(.rev16_text), (4 bytes).
    Removing nrf_log_frontend.o(.revsh_text), (4 bytes).
    Removing nrf_log_frontend.o(.rrx_text), (6 bytes).
    Removing nrf_log_frontend.o(i.cont_buf_prealloc), (116 bytes).
    Removing nrf_log_frontend.o(i.nrf_log_backend_remove), (40 bytes).
    Removing nrf_log_frontend.o(i.nrf_log_frontend_hexdump), (168 bytes).
    Removing nrf_log_frontend.o(i.nrf_log_frontend_std_2), (16 bytes).
    Removing nrf_log_frontend.o(i.nrf_log_frontend_std_3), (18 bytes).
    Removing nrf_log_frontend.o(i.nrf_log_frontend_std_4), (20 bytes).
    Removing nrf_log_frontend.o(i.nrf_log_frontend_std_5), (28 bytes).
    Removing nrf_log_frontend.o(i.nrf_log_frontend_std_6), (28 bytes).
    Removing nrf_log_frontend.o(i.nrf_log_module_filter_set), (2 bytes).
    Removing nrf_log_frontend.o(i.nrf_log_push), (104 bytes).
    Removing nrf_log_frontend.o(.conststring), (9 bytes).
    Removing nrf_log_frontend.o(.data), (4 bytes).
    Removing nrf_log_str_formatter.o(.rev16_text), (4 bytes).
    Removing nrf_log_str_formatter.o(.revsh_text), (4 bytes).
    Removing nrf_log_str_formatter.o(.rrx_text), (6 bytes).
    Removing segger_rtt.o(.rev16_text), (4 bytes).
    Removing segger_rtt.o(.revsh_text), (4 bytes).
    Removing segger_rtt.o(.rrx_text), (6 bytes).
    Removing segger_rtt.o(i.SEGGER_RTT_AllocDownBuffer), (104 bytes).
    Removing segger_rtt.o(i.SEGGER_RTT_AllocUpBuffer), (104 bytes).
    Removing segger_rtt.o(i.SEGGER_RTT_ConfigDownBuffer), (92 bytes).
    Removing segger_rtt.o(i.SEGGER_RTT_ConfigUpBuffer), (92 bytes).
    Removing segger_rtt.o(i.SEGGER_RTT_GetKey), (28 bytes).
    Removing segger_rtt.o(i.SEGGER_RTT_HasData), (24 bytes).
    Removing segger_rtt.o(i.SEGGER_RTT_HasKey), (32 bytes).
    Removing segger_rtt.o(i.SEGGER_RTT_Init), (4 bytes).
    Removing segger_rtt.o(i.SEGGER_RTT_Read), (36 bytes).
    Removing segger_rtt.o(i.SEGGER_RTT_ReadNoLock), (120 bytes).
    Removing segger_rtt.o(i.SEGGER_RTT_SetFlagsDownBuffer), (60 bytes).
    Removing segger_rtt.o(i.SEGGER_RTT_SetFlagsUpBuffer), (60 bytes).
    Removing segger_rtt.o(i.SEGGER_RTT_SetNameDownBuffer), (60 bytes).
    Removing segger_rtt.o(i.SEGGER_RTT_SetNameUpBuffer), (60 bytes).
    Removing segger_rtt.o(i.SEGGER_RTT_SetTerminal), (128 bytes).
    Removing segger_rtt.o(i.SEGGER_RTT_TerminalOut), (168 bytes).
    Removing segger_rtt.o(i.SEGGER_RTT_WaitKey), (14 bytes).
    Removing segger_rtt.o(i.SEGGER_RTT_Write), (52 bytes).
    Removing segger_rtt.o(i.SEGGER_RTT_WriteNoLock), (92 bytes).
    Removing segger_rtt.o(i.SEGGER_RTT_WriteSkipNoLock), (144 bytes).
    Removing segger_rtt.o(i.SEGGER_RTT_WriteString), (26 bytes).
    Removing segger_rtt.o(i.SEGGER_RTT_WriteWithOverwriteNoLock), (152 bytes).
    Removing segger_rtt.o(i._DoInit), (104 bytes).
    Removing segger_rtt.o(i._GetAvailWriteSpace), (22 bytes).
    Removing segger_rtt.o(i._PostTerminalSwitch), (32 bytes).
    Removing segger_rtt.o(i._WriteBlocking), (90 bytes).
    Removing segger_rtt.o(i._WriteNoCheck), (66 bytes).
    Removing segger_rtt.o(.bss), (648 bytes).
    Removing segger_rtt.o(.data), (17 bytes).
    Removing segger_rtt_printf.o(.rev16_text), (4 bytes).
    Removing segger_rtt_printf.o(.revsh_text), (4 bytes).
    Removing segger_rtt_printf.o(.rrx_text), (6 bytes).
    Removing segger_rtt_printf.o(i.SEGGER_RTT_printf), (22 bytes).
    Removing segger_rtt_printf.o(i.SEGGER_RTT_vprintf), (406 bytes).
    Removing segger_rtt_printf.o(i._PrintInt), (198 bytes).
    Removing segger_rtt_printf.o(i._PrintUnsigned), (212 bytes).
    Removing segger_rtt_printf.o(i._StoreChar), (62 bytes).
    Removing segger_rtt_printf.o(.constdata), (16 bytes).
    Removing arm_startup_nrf52.o(HEAP), (8192 bytes).
    Removing system_nrf52.o(.rev16_text), (4 bytes).
    Removing system_nrf52.o(.revsh_text), (4 bytes).
    Removing system_nrf52.o(.rrx_text), (6 bytes).
    Removing system_nrf52.o(i.SystemCoreClockUpdate), (16 bytes).

171 unused section(s) (total 15643 bytes) removed from the image.

==============================================================================

Image Symbol Table

    Local Symbols

    Symbol Name                              Value     Ov Type        Size  Object(Section)

    RESET                                    0x00000000   Section      512  arm_startup_nrf52.o(RESET)
    ../clib/microlib/ctype/ctype.c           0x00000000   Number         0  isprint_o.o ABSOLUTE
    ../clib/microlib/ctype/ctype.c           0x00000000   Number         0  ctype_o.o ABSOLUTE
    ../clib/microlib/ctype/ctype.c           0x00000000   Number         0  isalnum_o.o ABSOLUTE
    ../clib/microlib/ctype/ctype.c           0x00000000   Number         0  isalpha_o.o ABSOLUTE
    ../clib/microlib/ctype/ctype.c           0x00000000   Number         0  isblank_o.o ABSOLUTE
    ../clib/microlib/ctype/ctype.c           0x00000000   Number         0  iscntrl_o.o ABSOLUTE
    ../clib/microlib/ctype/ctype.c           0x00000000   Number         0  isdigit_o.o ABSOLUTE
    ../clib/microlib/ctype/ctype.c           0x00000000   Number         0  isgraph_o.o ABSOLUTE
    ../clib/microlib/ctype/ctype.c           0x00000000   Number         0  isupper_o.o ABSOLUTE
    ../clib/microlib/ctype/ctype.c           0x00000000   Number         0  islower_o.o ABSOLUTE
    ../clib/microlib/ctype/ctype.c           0x00000000   Number         0  ispunct_o.o ABSOLUTE
    ../clib/microlib/ctype/ctype.c           0x00000000   Number         0  isspace_o.o ABSOLUTE
    ../clib/microlib/ctype/ctype.c           0x00000000   Number         0  isxdigit_o.o ABSOLUTE
    ../clib/microlib/init/entry.s            0x00000000   Number         0  entry11b.o ABSOLUTE
    ../clib/microlib/init/entry.s            0x00000000   Number         0  entry11a.o ABSOLUTE
    ../clib/microlib/init/entry.s            0x00000000   Number         0  entry.o ABSOLUTE
    ../clib/microlib/init/entry.s            0x00000000   Number         0  entry10b.o ABSOLUTE
    ../clib/microlib/init/entry.s            0x00000000   Number         0  entry10a.o ABSOLUTE
    ../clib/microlib/init/entry.s            0x00000000   Number         0  entry9b.o ABSOLUTE
    ../clib/microlib/init/entry.s            0x00000000   Number         0  entry8b.o ABSOLUTE
    ../clib/microlib/init/entry.s            0x00000000   Number         0  entry8a.o ABSOLUTE
    ../clib/microlib/init/entry.s            0x00000000   Number         0  entry9a.o ABSOLUTE
    ../clib/microlib/init/entry.s            0x00000000   Number         0  entry7b.o ABSOLUTE
    ../clib/microlib/init/entry.s            0x00000000   Number         0  entry7a.o ABSOLUTE
    ../clib/microlib/init/entry.s            0x00000000   Number         0  entry5.o ABSOLUTE
    ../clib/microlib/init/entry.s            0x00000000   Number         0  entry2.o ABSOLUTE
    ../clib/microlib/string/memcpy.c         0x00000000   Number         0  memcpyb.o ABSOLUTE
    ../clib/microlib/string/memcpy.c         0x00000000   Number         0  memcpya.o ABSOLUTE
    ../clib/microlib/string/memset.c         0x00000000   Number         0  memseta.o ABSOLUTE
    ../clib/microlib/string/strcpy.c         0x00000000   Number         0  strcpy.o ABSOLUTE
    ../clib/microlib/string/strlen.c         0x00000000   Number         0  strlen.o ABSOLUTE
    ..\..\..\..\..\..\components\boards\boards.c 0x00000000   Number         0  boards.o ABSOLUTE
    ..\..\..\..\..\..\components\drivers_nrf\common\nrf_drv_common.c 0x00000000   Number         0  nrf_drv_common.o ABSOLUTE
    ..\..\..\..\..\..\components\drivers_nrf\twi_master\nrf_drv_twi.c 0x00000000   Number         0  nrf_drv_twi.o ABSOLUTE
    ..\..\..\..\..\..\components\drivers_nrf\uart\nrf_drv_uart.c 0x00000000   Number         0  nrf_drv_uart.o ABSOLUTE
    ..\..\..\..\..\..\components\libraries\balloc\nrf_balloc.c 0x00000000   Number         0  nrf_balloc.o ABSOLUTE
    ..\..\..\..\..\..\components\libraries\experimental_log\src\nrf_log_backend_rtt.c 0x00000000   Number         0  nrf_log_backend_rtt.o ABSOLUTE
    ..\..\..\..\..\..\components\libraries\experimental_log\src\nrf_log_backend_serial.c 0x00000000   Number         0  nrf_log_backend_serial.o ABSOLUTE
    ..\..\..\..\..\..\components\libraries\experimental_log\src\nrf_log_backend_uart.c 0x00000000   Number         0  nrf_log_backend_uart.o ABSOLUTE
    ..\..\..\..\..\..\components\libraries\experimental_log\src\nrf_log_default_backends.c 0x00000000   Number         0  nrf_log_default_backends.o ABSOLUTE
    ..\..\..\..\..\..\components\libraries\experimental_log\src\nrf_log_frontend.c 0x00000000   Number         0  nrf_log_frontend.o ABSOLUTE
    ..\..\..\..\..\..\components\libraries\experimental_log\src\nrf_log_str_formatter.c 0x00000000   Number         0  nrf_log_str_formatter.o ABSOLUTE
    ..\..\..\..\..\..\components\libraries\experimental_memobj\nrf_memobj.c 0x00000000   Number         0  nrf_memobj.o ABSOLUTE
    ..\..\..\..\..\..\components\libraries\strerror\nrf_strerror.c 0x00000000   Number         0  nrf_strerror.o ABSOLUTE
    ..\..\..\..\..\..\components\libraries\util\app_error.c 0x00000000   Number         0  app_error.o ABSOLUTE
    ..\..\..\..\..\..\components\libraries\util\app_error_weak.c 0x00000000   Number         0  app_error_weak.o ABSOLUTE
    ..\..\..\..\..\..\components\libraries\util\app_util_platform.c 0x00000000   Number         0  app_util_platform.o ABSOLUTE
    ..\..\..\..\..\..\components\libraries\util\nrf_assert.c 0x00000000   Number         0  nrf_assert.o ABSOLUTE
    ..\..\..\..\..\..\external\fprintf\nrf_fprintf.c 0x00000000   Number         0  nrf_fprintf.o ABSOLUTE
    ..\..\..\..\..\..\external\fprintf\nrf_fprintf_format.c 0x00000000   Number         0  nrf_fprintf_format.o ABSOLUTE
    ..\..\..\..\..\..\external\segger_rtt\RTT_Syscalls_KEIL.c 0x00000000   Number         0  rtt_syscalls_keil.o ABSOLUTE
    ..\..\..\..\..\..\external\segger_rtt\SEGGER_RTT.c 0x00000000   Number         0  segger_rtt.o ABSOLUTE
    ..\..\..\..\..\..\external\segger_rtt\SEGGER_RTT_printf.c 0x00000000   Number         0  segger_rtt_printf.o ABSOLUTE
    ..\..\..\main.c                          0x00000000   Number         0  main.o ABSOLUTE
    ..\\..\\..\\..\\..\\..\\components\\boards\\boards.c 0x00000000   Number         0  boards.o ABSOLUTE
    ..\\..\\..\\..\\..\\..\\components\\drivers_nrf\\common\\nrf_drv_common.c 0x00000000   Number         0  nrf_drv_common.o ABSOLUTE
    ..\\..\\..\\..\\..\\..\\components\\drivers_nrf\\twi_master\\nrf_drv_twi.c 0x00000000   Number         0  nrf_drv_twi.o ABSOLUTE
    ..\\..\\..\\..\\..\\..\\components\\drivers_nrf\\uart\\nrf_drv_uart.c 0x00000000   Number         0  nrf_drv_uart.o ABSOLUTE
    ..\\..\\..\\..\\..\\..\\components\\libraries\\balloc\\nrf_balloc.c 0x00000000   Number         0  nrf_balloc.o ABSOLUTE
    ..\\..\\..\\..\\..\\..\\components\\libraries\\experimental_log\\src\\nrf_log_backend_rtt.c 0x00000000   Number         0  nrf_log_backend_rtt.o ABSOLUTE
    ..\\..\\..\\..\\..\\..\\components\\libraries\\experimental_log\\src\\nrf_log_backend_serial.c 0x00000000   Number         0  nrf_log_backend_serial.o ABSOLUTE
    ..\\..\\..\\..\\..\\..\\components\\libraries\\experimental_log\\src\\nrf_log_backend_uart.c 0x00000000   Number         0  nrf_log_backend_uart.o ABSOLUTE
    ..\\..\\..\\..\\..\\..\\components\\libraries\\experimental_log\\src\\nrf_log_default_backends.c 0x00000000   Number         0  nrf_log_default_backends.o ABSOLUTE
    ..\\..\\..\\..\\..\\..\\components\\libraries\\experimental_log\\src\\nrf_log_frontend.c 0x00000000   Number         0  nrf_log_frontend.o ABSOLUTE
    ..\\..\\..\\..\\..\\..\\components\\libraries\\experimental_log\\src\\nrf_log_str_formatter.c 0x00000000   Number         0  nrf_log_str_formatter.o ABSOLUTE
    ..\\..\\..\\..\\..\\..\\components\\libraries\\experimental_memobj\\nrf_memobj.c 0x00000000   Number         0  nrf_memobj.o ABSOLUTE
    ..\\..\\..\\..\\..\\..\\components\\libraries\\strerror\\nrf_strerror.c 0x00000000   Number         0  nrf_strerror.o ABSOLUTE
    ..\\..\\..\\..\\..\\..\\components\\libraries\\util\\app_error.c 0x00000000   Number         0  app_error.o ABSOLUTE
    ..\\..\\..\\..\\..\\..\\components\\libraries\\util\\app_error_weak.c 0x00000000   Number         0  app_error_weak.o ABSOLUTE
    ..\\..\\..\\..\\..\\..\\components\\libraries\\util\\app_util_platform.c 0x00000000   Number         0  app_util_platform.o ABSOLUTE
    ..\\..\\..\\..\\..\\..\\components\\libraries\\util\\nrf_assert.c 0x00000000   Number         0  nrf_assert.o ABSOLUTE
    ..\\..\\..\\..\\..\\..\\external\\fprintf\\nrf_fprintf.c 0x00000000   Number         0  nrf_fprintf.o ABSOLUTE
    ..\\..\\..\\..\\..\\..\\external\\fprintf\\nrf_fprintf_format.c 0x00000000   Number         0  nrf_fprintf_format.o ABSOLUTE
    ..\\..\\..\\..\\..\\..\\external\\segger_rtt\\SEGGER_RTT.c 0x00000000   Number         0  segger_rtt.o ABSOLUTE
    ..\\..\\..\\..\\..\\..\\external\\segger_rtt\\SEGGER_RTT_printf.c 0x00000000   Number         0  segger_rtt_printf.o ABSOLUTE
    ..\\..\\..\\main.c                       0x00000000   Number         0  main.o ABSOLUTE
    RTE\Device\nRF52832_xxAA\arm_startup_nrf52.s 0x00000000   Number         0  arm_startup_nrf52.o ABSOLUTE
    RTE\Device\nRF52832_xxAA\system_nrf52.c  0x00000000   Number         0  system_nrf52.o ABSOLUTE
    RTE\\Device\\nRF52832_xxAA\\system_nrf52.c 0x00000000   Number         0  system_nrf52.o ABSOLUTE
    dc.s                                     0x00000000   Number         0  dc.o ABSOLUTE
    handlers.s                               0x00000000   Number         0  handlers.o ABSOLUTE
    init.s                                   0x00000000   Number         0  init.o ABSOLUTE
    .ARM.Collect$$$$00000000                 0x00000200   Section        0  entry.o(.ARM.Collect$$$$00000000)
    .ARM.Collect$$$$00000001                 0x00000200   Section        4  entry2.o(.ARM.Collect$$$$00000001)
    .ARM.Collect$$$$00000004                 0x00000204   Section        4  entry5.o(.ARM.Collect$$$$00000004)
    .ARM.Collect$$$$00000008                 0x00000208   Section        0  entry7b.o(.ARM.Collect$$$$00000008)
    .ARM.Collect$$$$0000000A                 0x00000208   Section        0  entry8b.o(.ARM.Collect$$$$0000000A)
    .ARM.Collect$$$$0000000B                 0x00000208   Section        8  entry9a.o(.ARM.Collect$$$$0000000B)
    .ARM.Collect$$$$0000000D                 0x00000210   Section        0  entry10a.o(.ARM.Collect$$$$0000000D)
    .ARM.Collect$$$$0000000F                 0x00000210   Section        0  entry11a.o(.ARM.Collect$$$$0000000F)
    .ARM.Collect$$$$00002712                 0x00000210   Section        4  entry2.o(.ARM.Collect$$$$00002712)
    __lit__00000000                          0x00000210   Data           4  entry2.o(.ARM.Collect$$$$00002712)
    .emb_text                                0x00000214   Section      154  nrf_memobj.o(.emb_text)
    $v0                                      0x00000214   Number         0  nrf_memobj.o(.emb_text)
    .emb_text                                0x000002b0   Section      154  nrf_log_frontend.o(.emb_text)
    $v0                                      0x000002b0   Number         0  nrf_log_frontend.o(.emb_text)
    .text                                    0x0000034c   Section       36  arm_startup_nrf52.o(.text)
    $v0                                      0x0000034c   Number         0  arm_startup_nrf52.o(.text)
    .text                                    0x00000370   Section        0  ctype_o.o(.text)
    .text                                    0x00000378   Section        0  memcpya.o(.text)
    .text                                    0x0000039c   Section        0  memseta.o(.text)
    .text                                    0x000003c0   Section        0  strlen.o(.text)
    .text                                    0x000003d0   Section       36  init.o(.text)
    i.SPIM0_SPIS0_TWIM0_TWIS0_SPI0_TWI0_IRQHandler 0x000003f4   Section        0  nrf_drv_twi.o(i.SPIM0_SPIS0_TWIM0_TWIS0_SPI0_TWI0_IRQHandler)
    i.SystemInit                             0x00000404   Section        0  system_nrf52.o(i.SystemInit)
    i.UARTE0_UART0_IRQHandler                0x00000700   Section        0  nrf_drv_uart.o(i.UARTE0_UART0_IRQHandler)
    i.__scatterload_copy                     0x0000071c   Section       14  handlers.o(i.__scatterload_copy)
    i.__scatterload_null                     0x0000072a   Section        2  handlers.o(i.__scatterload_null)
    i.__scatterload_zeroinit                 0x0000072c   Section       14  handlers.o(i.__scatterload_zeroinit)
    i.app_error_fault_handler                0x0000073c   Section        0  app_error_weak.o(i.app_error_fault_handler)
    i.app_error_handler_bare                 0x000007b4   Section        0  app_error.o(i.app_error_handler_bare)
    i.app_util_critical_region_enter         0x000007ca   Section        0  app_util_platform.o(i.app_util_critical_region_enter)
    i.app_util_critical_region_exit          0x000007ce   Section        0  app_util_platform.o(i.app_util_critical_region_exit)
    i.app_util_disable_irq                   0x000007d4   Section        0  app_util_platform.o(i.app_util_disable_irq)
    i.app_util_enable_irq                    0x000007e4   Section        0  app_util_platform.o(i.app_util_enable_irq)
    i.apply_config                           0x000007f8   Section        0  nrf_drv_uart.o(i.apply_config)
    apply_config                             0x000007f9   Thumb Code   180  nrf_drv_uart.o(i.apply_config)
    i.buf_prealloc                           0x000008b0   Section        0  nrf_log_frontend.o(i.buf_prealloc)
    buf_prealloc                             0x000008b1   Thumb Code    78  nrf_log_frontend.o(i.buf_prealloc)
    i.buffer_add                             0x00000904   Section        0  nrf_fprintf_format.o(i.buffer_add)
    buffer_add                               0x00000905   Thumb Code    30  nrf_fprintf_format.o(i.buffer_add)
    i.buffer_is_empty                        0x00000924   Section        0  nrf_log_frontend.o(i.buffer_is_empty)
    i.int_print                              0x00000938   Section        0  nrf_fprintf_format.o(i.int_print)
    int_print                                0x00000939   Thumb Code   166  nrf_fprintf_format.o(i.int_print)
    i.interrupts_enable                      0x000009e0   Section        0  nrf_drv_uart.o(i.interrupts_enable)
    interrupts_enable                        0x000009e1   Thumb Code   106  nrf_drv_uart.o(i.interrupts_enable)
    i.irq_handler_twim                       0x00000a58   Section        0  nrf_drv_twi.o(i.irq_handler_twim)
    irq_handler_twim                         0x00000a59   Thumb Code   334  nrf_drv_twi.o(i.irq_handler_twim)
    i.log_skip                               0x00000ba8   Section        0  nrf_log_frontend.o(i.log_skip)
    log_skip                                 0x00000ba9   Thumb Code   140  nrf_log_frontend.o(i.log_skip)
    i.main                                   0x00000c38   Section        0  main.o(i.main)
    i.memobj_op                              0x00000cc0   Section        0  nrf_memobj.o(i.memobj_op)
    memobj_op                                0x00000cc1   Thumb Code   118  nrf_memobj.o(i.memobj_op)
    i.module_idx_get                         0x00000d38   Section        0  nrf_log_frontend.o(i.module_idx_get)
    module_idx_get                           0x00000d39   Thumb Code    52  nrf_log_frontend.o(i.module_idx_get)
    i.nrf_atomic_flag_clear_fetch            0x00000d70   Section        0  nrf_log_frontend.o(i.nrf_atomic_flag_clear_fetch)
    nrf_atomic_flag_clear_fetch              0x00000d71   Thumb Code    12  nrf_log_frontend.o(i.nrf_atomic_flag_clear_fetch)
    i.nrf_atomic_flag_set                    0x00000d7c   Section        0  nrf_log_frontend.o(i.nrf_atomic_flag_set)
    nrf_atomic_flag_set                      0x00000d7d   Thumb Code    14  nrf_log_frontend.o(i.nrf_atomic_flag_set)
    i.nrf_balloc_alloc                       0x00000d8a   Section        0  nrf_balloc.o(i.nrf_balloc_alloc)
    i.nrf_balloc_free                        0x00000dc8   Section        0  nrf_balloc.o(i.nrf_balloc_free)
    i.nrf_balloc_init                        0x00000df2   Section        0  nrf_balloc.o(i.nrf_balloc_init)
    i.nrf_delay_us                           0x00000e24   Section        0  main.o(i.nrf_delay_us)
    nrf_delay_us                             0x00000e25   Thumb Code   132  main.o(i.nrf_delay_us)
    i.nrf_delay_us                           0x00000eb0   Section        0  nrf_drv_twi.o(i.nrf_delay_us)
    nrf_delay_us                             0x00000eb1   Thumb Code   132  nrf_drv_twi.o(i.nrf_delay_us)
    i.nrf_drv_common_irq_disable             0x00000f3c   Section        0  nrf_drv_uart.o(i.nrf_drv_common_irq_disable)
    nrf_drv_common_irq_disable               0x00000f3d   Thumb Code    22  nrf_drv_uart.o(i.nrf_drv_common_irq_disable)
    i.nrf_drv_common_irq_enable              0x00000f52   Section        0  nrf_drv_common.o(i.nrf_drv_common_irq_enable)
    i.nrf_drv_get_IRQn                       0x00000f8a   Section        0  nrf_drv_uart.o(i.nrf_drv_get_IRQn)
    nrf_drv_get_IRQn                         0x00000f8b   Thumb Code     6  nrf_drv_uart.o(i.nrf_drv_get_IRQn)
    i.nrf_drv_is_in_RAM                      0x00000f90   Section        0  nrf_drv_twi.o(i.nrf_drv_is_in_RAM)
    nrf_drv_is_in_RAM                        0x00000f91   Thumb Code    16  nrf_drv_twi.o(i.nrf_drv_is_in_RAM)
    i.nrf_drv_is_in_RAM                      0x00000fa0   Section        0  nrf_drv_uart.o(i.nrf_drv_is_in_RAM)
    nrf_drv_is_in_RAM                        0x00000fa1   Thumb Code    16  nrf_drv_uart.o(i.nrf_drv_is_in_RAM)
    i.nrf_drv_twi_enable                     0x00000fb0   Section        0  nrf_drv_twi.o(i.nrf_drv_twi_enable)
    i.nrf_drv_twi_init                       0x00000fd0   Section        0  nrf_drv_twi.o(i.nrf_drv_twi_init)
    i.nrf_drv_twi_rx                         0x0000105c   Section        0  nrf_drv_twi.o(i.nrf_drv_twi_rx)
    i.nrf_drv_twi_tx                         0x00001080   Section        0  nrf_drv_twi.o(i.nrf_drv_twi_tx)
    i.nrf_drv_twi_xfer                       0x000010a4   Section        0  nrf_drv_twi.o(i.nrf_drv_twi_xfer)
    i.nrf_drv_uart_init                      0x000010c8   Section        0  nrf_drv_uart.o(i.nrf_drv_uart_init)
    i.nrf_drv_uart_tx                        0x00001130   Section        0  nrf_drv_uart.o(i.nrf_drv_uart_tx)
    i.nrf_drv_uart_tx_in_progress            0x0000123c   Section        0  nrf_drv_uart.o(i.nrf_drv_uart_tx_in_progress)
    i.nrf_drv_uart_uninit                    0x00001254   Section        0  nrf_drv_uart.o(i.nrf_drv_uart_uninit)
    i.nrf_fprintf                            0x000012a8   Section        0  nrf_fprintf.o(i.nrf_fprintf)
    i.nrf_fprintf_buffer_flush               0x000012c2   Section        0  nrf_fprintf.o(i.nrf_fprintf_buffer_flush)
    i.nrf_fprintf_fmt                        0x000012da   Section        0  nrf_fprintf_format.o(i.nrf_fprintf_fmt)
    i.nrf_gpio_cfg                           0x000014b4   Section        0  nrf_drv_uart.o(i.nrf_gpio_cfg)
    nrf_gpio_cfg                             0x000014b5   Thumb Code    36  nrf_drv_uart.o(i.nrf_gpio_cfg)
    i.nrf_gpio_cfg_default                   0x000014d8   Section        0  nrf_drv_uart.o(i.nrf_gpio_cfg_default)
    nrf_gpio_cfg_default                     0x000014d9   Thumb Code    18  nrf_drv_uart.o(i.nrf_gpio_cfg_default)
    i.nrf_gpio_cfg_input                     0x000014ea   Section        0  nrf_drv_uart.o(i.nrf_gpio_cfg_input)
    nrf_gpio_cfg_input                       0x000014eb   Thumb Code    18  nrf_drv_uart.o(i.nrf_gpio_cfg_input)
    i.nrf_gpio_cfg_output                    0x000014fc   Section        0  nrf_drv_uart.o(i.nrf_gpio_cfg_output)
    nrf_gpio_cfg_output                      0x000014fd   Thumb Code    20  nrf_drv_uart.o(i.nrf_gpio_cfg_output)
    i.nrf_gpio_pin_set                       0x00001510   Section        0  nrf_drv_twi.o(i.nrf_gpio_pin_set)
    nrf_gpio_pin_set                         0x00001511   Thumb Code    14  nrf_drv_twi.o(i.nrf_gpio_pin_set)
    i.nrf_log_backend_add                    0x00001520   Section        0  nrf_log_frontend.o(i.nrf_log_backend_add)
    i.nrf_log_backend_serial_put             0x00001588   Section        0  nrf_log_backend_serial.o(i.nrf_log_backend_serial_put)
    i.nrf_log_backend_uart_flush             0x0000165a   Section        0  nrf_log_backend_uart.o(i.nrf_log_backend_uart_flush)
    nrf_log_backend_uart_flush               0x0000165b   Thumb Code     2  nrf_log_backend_uart.o(i.nrf_log_backend_uart_flush)
    i.nrf_log_backend_uart_init              0x0000165c   Section        0  nrf_log_backend_uart.o(i.nrf_log_backend_uart_init)
    i.nrf_log_backend_uart_panic_set         0x00001664   Section        0  nrf_log_backend_uart.o(i.nrf_log_backend_uart_panic_set)
    nrf_log_backend_uart_panic_set           0x00001665   Thumb Code    18  nrf_log_backend_uart.o(i.nrf_log_backend_uart_panic_set)
    i.nrf_log_backend_uart_put               0x0000167c   Section        0  nrf_log_backend_uart.o(i.nrf_log_backend_uart_put)
    nrf_log_backend_uart_put                 0x0000167d   Thumb Code    16  nrf_log_backend_uart.o(i.nrf_log_backend_uart_put)
    i.nrf_log_color_id_get                   0x00001694   Section        0  nrf_log_frontend.o(i.nrf_log_color_id_get)
    i.nrf_log_default_backends_init          0x000016bc   Section        0  nrf_log_default_backends.o(i.nrf_log_default_backends_init)
    i.nrf_log_frontend_dequeue               0x000016d8   Section        0  nrf_log_frontend.o(i.nrf_log_frontend_dequeue)
    i.nrf_log_frontend_std_0                 0x00001884   Section        0  nrf_log_frontend.o(i.nrf_log_frontend_std_0)
    i.nrf_log_frontend_std_1                 0x0000188c   Section        0  nrf_log_frontend.o(i.nrf_log_frontend_std_1)
    i.nrf_log_hexdump_entry_process          0x0000189c   Section        0  nrf_log_str_formatter.o(i.nrf_log_hexdump_entry_process)
    i.nrf_log_init                           0x00001948   Section        0  nrf_log_frontend.o(i.nrf_log_init)
    i.nrf_log_module_cnt_get                 0x000019a4   Section        0  nrf_log_frontend.o(i.nrf_log_module_cnt_get)
    i.nrf_log_module_filter_get              0x000019b8   Section        0  nrf_log_frontend.o(i.nrf_log_module_filter_get)
    i.nrf_log_module_name_get                0x000019dc   Section        0  nrf_log_frontend.o(i.nrf_log_module_name_get)
    i.nrf_log_panic                          0x000019f8   Section        0  nrf_log_frontend.o(i.nrf_log_panic)
    i.nrf_log_std_entry_process              0x00001a20   Section        0  nrf_log_str_formatter.o(i.nrf_log_std_entry_process)
    i.nrf_memobj_alloc                       0x00001ad6   Section        0  nrf_memobj.o(i.nrf_memobj_alloc)
    i.nrf_memobj_free                        0x00001b36   Section        0  nrf_memobj.o(i.nrf_memobj_free)
    i.nrf_memobj_get                         0x00001b68   Section        0  nrf_memobj.o(i.nrf_memobj_get)
    i.nrf_memobj_pool_init                   0x00001b76   Section        0  nrf_memobj.o(i.nrf_memobj_pool_init)
    i.nrf_memobj_put                         0x00001b7a   Section        0  nrf_memobj.o(i.nrf_memobj_put)
    i.nrf_memobj_read                        0x00001b9c   Section        0  nrf_memobj.o(i.nrf_memobj_read)
    i.nrf_memobj_write                       0x00001ba8   Section        0  nrf_memobj.o(i.nrf_memobj_write)
    i.nrf_twim_event_check                   0x00001bb4   Section        0  nrf_drv_twi.o(i.nrf_twim_event_check)
    nrf_twim_event_check                     0x00001bb5   Thumb Code    10  nrf_drv_twi.o(i.nrf_twim_event_check)
    i.nrf_twim_event_clear                   0x00001bbe   Section        0  nrf_drv_twi.o(i.nrf_twim_event_clear)
    nrf_twim_event_clear                     0x00001bbf   Thumb Code    12  nrf_drv_twi.o(i.nrf_twim_event_clear)
    i.nrf_uart_event_check                   0x00001bca   Section        0  nrf_drv_uart.o(i.nrf_uart_event_check)
    nrf_uart_event_check                     0x00001bcb   Thumb Code    10  nrf_drv_uart.o(i.nrf_uart_event_check)
    i.nrf_uart_event_clear                   0x00001bd4   Section        0  nrf_drv_uart.o(i.nrf_uart_event_clear)
    nrf_uart_event_clear                     0x00001bd5   Thumb Code    12  nrf_drv_uart.o(i.nrf_uart_event_clear)
    i.nrf_uart_int_enable_check              0x00001be0   Section        0  nrf_drv_uart.o(i.nrf_uart_int_enable_check)
    nrf_uart_int_enable_check                0x00001be1   Thumb Code    12  nrf_drv_uart.o(i.nrf_uart_int_enable_check)
    i.nrf_uarte_event_check                  0x00001bec   Section        0  nrf_drv_uart.o(i.nrf_uarte_event_check)
    nrf_uarte_event_check                    0x00001bed   Thumb Code    10  nrf_drv_uart.o(i.nrf_uarte_event_check)
    i.nrf_uarte_event_clear                  0x00001bf6   Section        0  nrf_drv_uart.o(i.nrf_uarte_event_clear)
    nrf_uarte_event_clear                    0x00001bf7   Thumb Code    12  nrf_drv_uart.o(i.nrf_uarte_event_clear)
    i.pins_to_default                        0x00001c04   Section        0  nrf_drv_uart.o(i.pins_to_default)
    pins_to_default                          0x00001c05   Thumb Code   114  nrf_drv_uart.o(i.pins_to_default)
    i.postfix_process                        0x00001c7c   Section        0  nrf_log_str_formatter.o(i.postfix_process)
    postfix_process                          0x00001c7d   Thumb Code    48  nrf_log_str_formatter.o(i.postfix_process)
    i.prefix_process                         0x00001cb8   Section        0  nrf_log_str_formatter.o(i.prefix_process)
    prefix_process                           0x00001cb9   Thumb Code    72  nrf_log_str_formatter.o(i.prefix_process)
    i.rx_byte                                0x00001d14   Section        0  nrf_drv_uart.o(i.rx_byte)
    rx_byte                                  0x00001d15   Thumb Code    50  nrf_drv_uart.o(i.rx_byte)
    i.rx_done_event                          0x00001d46   Section        0  nrf_drv_uart.o(i.rx_done_event)
    rx_done_event                            0x00001d47   Thumb Code    24  nrf_drv_uart.o(i.rx_done_event)
    i.serial_tx                              0x00001d60   Section        0  nrf_log_backend_uart.o(i.serial_tx)
    serial_tx                                0x00001d61   Thumb Code    36  nrf_log_backend_uart.o(i.serial_tx)
    i.std_n                                  0x00001d88   Section        0  nrf_log_frontend.o(i.std_n)
    std_n                                    0x00001d89   Thumb Code   146  nrf_log_frontend.o(i.std_n)
    i.twi_clear_bus                          0x00001e20   Section        0  nrf_drv_twi.o(i.twi_clear_bus)
    twi_clear_bus                            0x00001e21   Thumb Code   170  nrf_drv_twi.o(i.twi_clear_bus)
    i.twi_handler                            0x00001ecc   Section        0  main.o(i.twi_handler)
    i.twi_init                               0x00001f20   Section        0  main.o(i.twi_init)
    i.twim_xfer                              0x00001f50   Section        0  nrf_drv_twi.o(i.twim_xfer)
    twim_xfer                                0x00001f51   Thumb Code   562  nrf_drv_twi.o(i.twim_xfer)
    i.tx_byte                                0x00002188   Section        0  nrf_drv_uart.o(i.tx_byte)
    tx_byte                                  0x00002189   Thumb Code    32  nrf_drv_uart.o(i.tx_byte)
    i.tx_done_event                          0x000021a8   Section        0  nrf_drv_uart.o(i.tx_done_event)
    tx_done_event                            0x000021a9   Thumb Code    28  nrf_drv_uart.o(i.tx_done_event)
    i.uart_evt_handler                       0x000021c4   Section        0  nrf_log_backend_uart.o(i.uart_evt_handler)
    uart_evt_handler                         0x000021c5   Thumb Code     8  nrf_log_backend_uart.o(i.uart_evt_handler)
    i.uart_init                              0x000021d0   Section        0  nrf_log_backend_uart.o(i.uart_init)
    uart_init                                0x000021d1   Thumb Code    66  nrf_log_backend_uart.o(i.uart_init)
    i.uart_irq_handler                       0x00002220   Section        0  nrf_drv_uart.o(i.uart_irq_handler)
    uart_irq_handler                         0x00002221   Thumb Code   286  nrf_drv_uart.o(i.uart_irq_handler)
    i.uarte_irq_handler                      0x0000233e   Section        0  nrf_drv_uart.o(i.uarte_irq_handler)
    uarte_irq_handler                        0x0000233f   Thumb Code   240  nrf_drv_uart.o(i.uarte_irq_handler)
    i.unsigned_print                         0x00002430   Section        0  nrf_fprintf_format.o(i.unsigned_print)
    unsigned_print                           0x00002431   Thumb Code   176  nrf_fprintf_format.o(i.unsigned_print)
    .constdata                               0x000024e4   Section       24  main.o(.constdata)
    m_twi                                    0x000024e4   Data           8  main.o(.constdata)
    .constdata                               0x000024fc   Section       12  nrf_drv_twi.o(.constdata)
    .constdata                               0x00002508   Section       16  nrf_fprintf_format.o(.constdata)
    _aV2C                                    0x00002508   Data          16  nrf_fprintf_format.o(.constdata)
    .constdata                               0x00002518   Section       12  nrf_log_backend_uart.o(.constdata)
    .constdata                               0x00002524   Section       32  nrf_log_backend_uart.o(.constdata)
    .constdata                               0x00002544   Section       20  nrf_log_frontend.o(.constdata)
    mempool                                  0x00002544   Data          20  nrf_log_frontend.o(.constdata)
    .constdata                               0x00002558   Section      129  ctype_o.o(.constdata)
    .constdata                               0x000025dc   Section        4  ctype_o.o(.constdata)
    table                                    0x000025dc   Data           4  ctype_o.o(.constdata)
    .conststring                             0x000025e0   Section      102  nrf_log_str_formatter.o(.conststring)
    .conststrlit                             0x00002648   Section        4  nrf_drv_twi.o(.conststrlit)
    .conststrlit                             0x0000264c   Section        5  nrf_drv_uart.o(.conststrlit)
    .conststrlit                             0x00002654   Section        7  nrf_balloc.o(.conststrlit)
    .conststrlit                             0x0000265c   Section        4  nrf_log_frontend.o(.conststrlit)
    log_const_data                           0x00002680   Section        8  nrf_drv_twi.o(log_const_data)
    __tagsym$$used                           0x00002680   Number         0  nrf_drv_twi.o(log_const_data)
    log_const_data                           0x00002688   Section        8  nrf_drv_uart.o(log_const_data)
    __tagsym$$used                           0x00002688   Number         0  nrf_drv_uart.o(log_const_data)
    log_const_data                           0x00002690   Section        8  nrf_balloc.o(log_const_data)
    __tagsym$$used                           0x00002690   Number         0  nrf_balloc.o(log_const_data)
    log_const_data                           0x00002698   Section        8  nrf_log_frontend.o(log_const_data)
    __tagsym$$used                           0x00002698   Number         0  nrf_log_frontend.o(log_const_data)
    .data                                    0x20000000   Section        2  main.o(.data)
    m_xfer_done                              0x20000000   Data           1  main.o(.data)
    m_sample                                 0x20000001   Data           1  main.o(.data)
    .data                                    0x20000004   Section        4  app_util_platform.o(.data)
    m_in_critical_region                     0x20000004   Data           4  app_util_platform.o(.data)
    .data                                    0x20000008   Section       12  nrf_log_backend_uart.o(.data)
    m_xfer_done                              0x20000008   Data           1  nrf_log_backend_uart.o(.data)
    m_async_mode                             0x20000009   Data           1  nrf_log_backend_uart.o(.data)
    .data                                    0x20000014   Section       12  nrf_log_default_backends.o(.data)
    uart_log_backend                         0x20000014   Data          12  nrf_log_default_backends.o(.data)
    .data                                    0x20000020   Section        8  nrf_log_frontend.o(.data)
    mempool_nrf_balloc_pool_stack            0x20000020   Data           8  nrf_log_frontend.o(.data)
    .data                                    0x20000028   Section        8  nrf_log_frontend.o(.data)
    mempool_nrf_balloc_cb                    0x20000028   Data           8  nrf_log_frontend.o(.data)
    .data                                    0x20000030   Section       56  nrf_log_str_formatter.o(.data)
    severity_names                           0x20000030   Data          20  nrf_log_str_formatter.o(.data)
    m_colors                                 0x20000044   Data          36  nrf_log_str_formatter.o(.data)
    .data                                    0x20000068   Section        4  system_nrf52.o(.data)
    __tagsym$$used                           0x20000068   Number         0  system_nrf52.o(.data)
    log_dynamic_data                         0x2000006c   Section       12  nrf_drv_twi.o(log_dynamic_data)
    __tagsym$$used                           0x2000006c   Number         0  nrf_drv_twi.o(log_dynamic_data)
    log_dynamic_data                         0x20000078   Section       12  nrf_drv_uart.o(log_dynamic_data)
    __tagsym$$used                           0x20000078   Number         0  nrf_drv_uart.o(log_dynamic_data)
    log_dynamic_data                         0x20000084   Section       12  nrf_balloc.o(log_dynamic_data)
    __tagsym$$used                           0x20000084   Number         0  nrf_balloc.o(log_dynamic_data)
    log_dynamic_data                         0x20000090   Section       12  nrf_log_frontend.o(log_dynamic_data)
    __tagsym$$used                           0x20000090   Number         0  nrf_log_frontend.o(log_dynamic_data)
    .bss                                     0x2000009c   Section       40  nrf_drv_twi.o(.bss)
    m_cb                                     0x2000009c   Data          40  nrf_drv_twi.o(.bss)
    .bss                                     0x200000c4   Section       32  nrf_drv_uart.o(.bss)
    m_cb                                     0x200000c4   Data          32  nrf_drv_uart.o(.bss)
    .bss                                     0x200000e4   Section       64  nrf_log_backend_uart.o(.bss)
    m_string_buff                            0x200000e4   Data          64  nrf_log_backend_uart.o(.bss)
    .bss                                     0x20000124   Section      192  nrf_log_frontend.o(.bss)
    mempool_nrf_balloc_pool_mem              0x20000124   Data         192  nrf_log_frontend.o(.bss)
    .bss                                     0x200001e4   Section     1056  nrf_log_frontend.o(.bss)
    m_log_data                               0x200001e4   Data        1056  nrf_log_frontend.o(.bss)
    STACK                                    0x20000608   Section     8192  arm_startup_nrf52.o(STACK)

    Global Symbols

    Symbol Name                              Value     Ov Type        Size  Object(Section)

    BuildAttributes$$THM_ISAv4$E$P$D$K$B$S$7EM$VFPi3$EXTD16$VFPS$VFMA$PE$A:L22UL41UL21$X:L11$S22US41US21$IEEE1$IW$USESV6$~STKCKD$USESV7$~SHL$OSPACE$EBA8$MICROLIB$REQ8$PRES8$EABIv2 0x00000000   Number         0  anon$$obj.o ABSOLUTE
    __ARM_use_no_argv                        0x00000000   Number         0  main.o ABSOLUTE
    __Vectors                                0x00000000   Data           4  arm_startup_nrf52.o(RESET)
    __cpp_initialize__aeabi_                  - Undefined Weak Reference
    __cxa_finalize                            - Undefined Weak Reference
    __decompress                              - Undefined Weak Reference
    _clock_init                               - Undefined Weak Reference
    _microlib_exit                            - Undefined Weak Reference
    __Vectors_End                            0x00000200   Data           0  arm_startup_nrf52.o(RESET)
    __Vectors_Size                           0x00000200   Number         0  arm_startup_nrf52.o ABSOLUTE
    __main                                   0x00000201   Thumb Code     0  entry.o(.ARM.Collect$$$$00000000)
    _main_stk                                0x00000201   Thumb Code     0  entry2.o(.ARM.Collect$$$$00000001)
    _main_scatterload                        0x00000205   Thumb Code     0  entry5.o(.ARM.Collect$$$$00000004)
    __main_after_scatterload                 0x00000209   Thumb Code     0  entry5.o(.ARM.Collect$$$$00000004)
    _main_clock                              0x00000209   Thumb Code     0  entry7b.o(.ARM.Collect$$$$00000008)
    _main_cpp_init                           0x00000209   Thumb Code     0  entry8b.o(.ARM.Collect$$$$0000000A)
    _main_init                               0x00000209   Thumb Code     0  entry9a.o(.ARM.Collect$$$$0000000B)
    __rt_final_cpp                           0x00000211   Thumb Code     0  entry10a.o(.ARM.Collect$$$$0000000D)
    __rt_final_exit                          0x00000211   Thumb Code     0  entry11a.o(.ARM.Collect$$$$0000000F)
    __asm___12_nrf_memobj_c_9bb9f865__nrf_atomic_internal_mov 0x00000215   Thumb Code    24  nrf_memobj.o(.emb_text)
    __asm___12_nrf_memobj_c_9bb9f865__nrf_atomic_internal_orr 0x0000022d   Thumb Code    26  nrf_memobj.o(.emb_text)
    __asm___12_nrf_memobj_c_9bb9f865__nrf_atomic_internal_and 0x00000247   Thumb Code    26  nrf_memobj.o(.emb_text)
    __asm___12_nrf_memobj_c_9bb9f865__nrf_atomic_internal_eor 0x00000261   Thumb Code    26  nrf_memobj.o(.emb_text)
    __asm___12_nrf_memobj_c_9bb9f865__nrf_atomic_internal_add 0x0000027b   Thumb Code    26  nrf_memobj.o(.emb_text)
    __asm___12_nrf_memobj_c_9bb9f865__nrf_atomic_internal_sub 0x00000295   Thumb Code    26  nrf_memobj.o(.emb_text)
    __asm___18_nrf_log_frontend_c_bc460776__nrf_atomic_internal_mov 0x000002b1   Thumb Code    24  nrf_log_frontend.o(.emb_text)
    __asm___18_nrf_log_frontend_c_bc460776__nrf_atomic_internal_orr 0x000002c9   Thumb Code    26  nrf_log_frontend.o(.emb_text)
    __asm___18_nrf_log_frontend_c_bc460776__nrf_atomic_internal_and 0x000002e3   Thumb Code    26  nrf_log_frontend.o(.emb_text)
    __asm___18_nrf_log_frontend_c_bc460776__nrf_atomic_internal_eor 0x000002fd   Thumb Code    26  nrf_log_frontend.o(.emb_text)
    __asm___18_nrf_log_frontend_c_bc460776__nrf_atomic_internal_add 0x00000317   Thumb Code    26  nrf_log_frontend.o(.emb_text)
    __asm___18_nrf_log_frontend_c_bc460776__nrf_atomic_internal_sub 0x00000331   Thumb Code    26  nrf_log_frontend.o(.emb_text)
    Reset_Handler                            0x0000034d   Thumb Code     8  arm_startup_nrf52.o(.text)
    NMI_Handler                              0x00000355   Thumb Code     2  arm_startup_nrf52.o(.text)
    HardFault_Handler                        0x00000357   Thumb Code     2  arm_startup_nrf52.o(.text)
    MemoryManagement_Handler                 0x00000359   Thumb Code     2  arm_startup_nrf52.o(.text)
    BusFault_Handler                         0x0000035b   Thumb Code     2  arm_startup_nrf52.o(.text)
    UsageFault_Handler                       0x0000035d   Thumb Code     2  arm_startup_nrf52.o(.text)
    SVC_Handler                              0x0000035f   Thumb Code     2  arm_startup_nrf52.o(.text)
    DebugMon_Handler                         0x00000361   Thumb Code     2  arm_startup_nrf52.o(.text)
    PendSV_Handler                           0x00000363   Thumb Code     2  arm_startup_nrf52.o(.text)
    SysTick_Handler                          0x00000365   Thumb Code     2  arm_startup_nrf52.o(.text)
    CCM_AAR_IRQHandler                       0x00000367   Thumb Code     0  arm_startup_nrf52.o(.text)
    COMP_LPCOMP_IRQHandler                   0x00000367   Thumb Code     0  arm_startup_nrf52.o(.text)
    ECB_IRQHandler                           0x00000367   Thumb Code     0  arm_startup_nrf52.o(.text)
    FPU_IRQHandler                           0x00000367   Thumb Code     0  arm_startup_nrf52.o(.text)
    GPIOTE_IRQHandler                        0x00000367   Thumb Code     0  arm_startup_nrf52.o(.text)
    I2S_IRQHandler                           0x00000367   Thumb Code     0  arm_startup_nrf52.o(.text)
    MWU_IRQHandler                           0x00000367   Thumb Code     0  arm_startup_nrf52.o(.text)
    NFCT_IRQHandler                          0x00000367   Thumb Code     0  arm_startup_nrf52.o(.text)
    PDM_IRQHandler                           0x00000367   Thumb Code     0  arm_startup_nrf52.o(.text)
    POWER_CLOCK_IRQHandler                   0x00000367   Thumb Code     0  arm_startup_nrf52.o(.text)
    PWM0_IRQHandler                          0x00000367   Thumb Code     0  arm_startup_nrf52.o(.text)
    PWM1_IRQHandler                          0x00000367   Thumb Code     0  arm_startup_nrf52.o(.text)
    PWM2_IRQHandler                          0x00000367   Thumb Code     0  arm_startup_nrf52.o(.text)
    QDEC_IRQHandler                          0x00000367   Thumb Code     0  arm_startup_nrf52.o(.text)
    RADIO_IRQHandler                         0x00000367   Thumb Code     0  arm_startup_nrf52.o(.text)
    RNG_IRQHandler                           0x00000367   Thumb Code     0  arm_startup_nrf52.o(.text)
    RTC0_IRQHandler                          0x00000367   Thumb Code     0  arm_startup_nrf52.o(.text)
    RTC1_IRQHandler                          0x00000367   Thumb Code     0  arm_startup_nrf52.o(.text)
    RTC2_IRQHandler                          0x00000367   Thumb Code     0  arm_startup_nrf52.o(.text)
    SAADC_IRQHandler                         0x00000367   Thumb Code     0  arm_startup_nrf52.o(.text)
    SPIM1_SPIS1_TWIM1_TWIS1_SPI1_TWI1_IRQHandler 0x00000367   Thumb Code     0  arm_startup_nrf52.o(.text)
    SPIM2_SPIS2_SPI2_IRQHandler              0x00000367   Thumb Code     0  arm_startup_nrf52.o(.text)
    SWI0_EGU0_IRQHandler                     0x00000367   Thumb Code     0  arm_startup_nrf52.o(.text)
    SWI1_EGU1_IRQHandler                     0x00000367   Thumb Code     0  arm_startup_nrf52.o(.text)
    SWI2_EGU2_IRQHandler                     0x00000367   Thumb Code     0  arm_startup_nrf52.o(.text)
    SWI3_EGU3_IRQHandler                     0x00000367   Thumb Code     0  arm_startup_nrf52.o(.text)
    SWI4_EGU4_IRQHandler                     0x00000367   Thumb Code     0  arm_startup_nrf52.o(.text)
    SWI5_EGU5_IRQHandler                     0x00000367   Thumb Code     0  arm_startup_nrf52.o(.text)
    TEMP_IRQHandler                          0x00000367   Thumb Code     0  arm_startup_nrf52.o(.text)
    TIMER0_IRQHandler                        0x00000367   Thumb Code     0  arm_startup_nrf52.o(.text)
    TIMER1_IRQHandler                        0x00000367   Thumb Code     0  arm_startup_nrf52.o(.text)
    TIMER2_IRQHandler                        0x00000367   Thumb Code     0  arm_startup_nrf52.o(.text)
    TIMER3_IRQHandler                        0x00000367   Thumb Code     0  arm_startup_nrf52.o(.text)
    TIMER4_IRQHandler                        0x00000367   Thumb Code     0  arm_startup_nrf52.o(.text)
    WDT_IRQHandler                           0x00000367   Thumb Code     0  arm_startup_nrf52.o(.text)
    __rt_ctype_table                         0x00000371   Thumb Code     4  ctype_o.o(.text)
    __aeabi_memcpy                           0x00000379   Thumb Code    36  memcpya.o(.text)
    __aeabi_memcpy4                          0x00000379   Thumb Code     0  memcpya.o(.text)
    __aeabi_memcpy8                          0x00000379   Thumb Code     0  memcpya.o(.text)
    __aeabi_memset                           0x0000039d   Thumb Code    14  memseta.o(.text)
    __aeabi_memset4                          0x0000039d   Thumb Code     0  memseta.o(.text)
    __aeabi_memset8                          0x0000039d   Thumb Code     0  memseta.o(.text)
    __aeabi_memclr                           0x000003ab   Thumb Code     4  memseta.o(.text)
    __aeabi_memclr4                          0x000003ab   Thumb Code     0  memseta.o(.text)
    __aeabi_memclr8                          0x000003ab   Thumb Code     0  memseta.o(.text)
    _memset$wrapper                          0x000003af   Thumb Code    18  memseta.o(.text)
    strlen                                   0x000003c1   Thumb Code    14  strlen.o(.text)
    __scatterload                            0x000003d1   Thumb Code    28  init.o(.text)
    __scatterload_rt2                        0x000003d1   Thumb Code     0  init.o(.text)
    SPIM0_SPIS0_TWIM0_TWIS0_SPI0_TWI0_IRQHandler 0x000003f5   Thumb Code     8  nrf_drv_twi.o(i.SPIM0_SPIS0_TWIM0_TWIS0_SPI0_TWI0_IRQHandler)
    SystemInit                               0x00000405   Thumb Code   700  system_nrf52.o(i.SystemInit)
    UARTE0_UART0_IRQHandler                  0x00000701   Thumb Code    20  nrf_drv_uart.o(i.UARTE0_UART0_IRQHandler)
    __scatterload_copy                       0x0000071d   Thumb Code    14  handlers.o(i.__scatterload_copy)
    __scatterload_null                       0x0000072b   Thumb Code     2  handlers.o(i.__scatterload_null)
    __scatterload_zeroinit                   0x0000072d   Thumb Code    14  handlers.o(i.__scatterload_zeroinit)
    app_error_fault_handler                  0x0000073d   Thumb Code    80  app_error_weak.o(i.app_error_fault_handler)
    app_error_handler_bare                   0x000007b5   Thumb Code    22  app_error.o(i.app_error_handler_bare)
    app_util_critical_region_enter           0x000007cb   Thumb Code     4  app_util_platform.o(i.app_util_critical_region_enter)
    app_util_critical_region_exit            0x000007cf   Thumb Code     4  app_util_platform.o(i.app_util_critical_region_exit)
    app_util_disable_irq                     0x000007d5   Thumb Code    12  app_util_platform.o(i.app_util_disable_irq)
    app_util_enable_irq                      0x000007e5   Thumb Code    14  app_util_platform.o(i.app_util_enable_irq)
    buffer_is_empty                          0x00000925   Thumb Code    16  nrf_log_frontend.o(i.buffer_is_empty)
    main                                     0x00000c39   Thumb Code    98  main.o(i.main)
    nrf_balloc_alloc                         0x00000d8b   Thumb Code    62  nrf_balloc.o(i.nrf_balloc_alloc)
    nrf_balloc_free                          0x00000dc9   Thumb Code    42  nrf_balloc.o(i.nrf_balloc_free)
    nrf_balloc_init                          0x00000df3   Thumb Code    48  nrf_balloc.o(i.nrf_balloc_init)
    nrf_drv_common_irq_enable                0x00000f53   Thumb Code    56  nrf_drv_common.o(i.nrf_drv_common_irq_enable)
    nrf_drv_twi_enable                       0x00000fb1   Thumb Code    28  nrf_drv_twi.o(i.nrf_drv_twi_enable)
    nrf_drv_twi_init                         0x00000fd1   Thumb Code   134  nrf_drv_twi.o(i.nrf_drv_twi_init)
    nrf_drv_twi_rx                           0x0000105d   Thumb Code    32  nrf_drv_twi.o(i.nrf_drv_twi_rx)
    nrf_drv_twi_tx                           0x00001081   Thumb Code    36  nrf_drv_twi.o(i.nrf_drv_twi_tx)
    nrf_drv_twi_xfer                         0x000010a5   Thumb Code    30  nrf_drv_twi.o(i.nrf_drv_twi_xfer)
    nrf_drv_uart_init                        0x000010c9   Thumb Code    98  nrf_drv_uart.o(i.nrf_drv_uart_init)
    nrf_drv_uart_tx                          0x00001131   Thumb Code   262  nrf_drv_uart.o(i.nrf_drv_uart_tx)
    nrf_drv_uart_tx_in_progress              0x0000123d   Thumb Code    18  nrf_drv_uart.o(i.nrf_drv_uart_tx_in_progress)
    nrf_drv_uart_uninit                      0x00001255   Thumb Code    74  nrf_drv_uart.o(i.nrf_drv_uart_uninit)
    nrf_fprintf                              0x000012a9   Thumb Code    26  nrf_fprintf.o(i.nrf_fprintf)
    nrf_fprintf_buffer_flush                 0x000012c3   Thumb Code    24  nrf_fprintf.o(i.nrf_fprintf_buffer_flush)
    nrf_fprintf_fmt                          0x000012db   Thumb Code   474  nrf_fprintf_format.o(i.nrf_fprintf_fmt)
    nrf_log_backend_add                      0x00001521   Thumb Code   100  nrf_log_frontend.o(i.nrf_log_backend_add)
    nrf_log_backend_serial_put               0x00001589   Thumb Code   210  nrf_log_backend_serial.o(i.nrf_log_backend_serial_put)
    nrf_log_backend_uart_init                0x0000165d   Thumb Code     6  nrf_log_backend_uart.o(i.nrf_log_backend_uart_init)
    nrf_log_color_id_get                     0x00001695   Thumb Code    34  nrf_log_frontend.o(i.nrf_log_color_id_get)
    nrf_log_default_backends_init            0x000016bd   Thumb Code    22  nrf_log_default_backends.o(i.nrf_log_default_backends_init)
    nrf_log_frontend_dequeue                 0x000016d9   Thumb Code   414  nrf_log_frontend.o(i.nrf_log_frontend_dequeue)
    nrf_log_frontend_std_0                   0x00001885   Thumb Code     8  nrf_log_frontend.o(i.nrf_log_frontend_std_0)
    nrf_log_frontend_std_1                   0x0000188d   Thumb Code    14  nrf_log_frontend.o(i.nrf_log_frontend_std_1)
    nrf_log_hexdump_entry_process            0x0000189d   Thumb Code   146  nrf_log_str_formatter.o(i.nrf_log_hexdump_entry_process)
    nrf_log_init                             0x00001949   Thumb Code    70  nrf_log_frontend.o(i.nrf_log_init)
    nrf_log_module_cnt_get                   0x000019a5   Thumb Code    10  nrf_log_frontend.o(i.nrf_log_module_cnt_get)
    nrf_log_module_filter_get                0x000019b9   Thumb Code    32  nrf_log_frontend.o(i.nrf_log_module_filter_get)
    nrf_log_module_name_get                  0x000019dd   Thumb Code    24  nrf_log_frontend.o(i.nrf_log_module_name_get)
    nrf_log_panic                            0x000019f9   Thumb Code    34  nrf_log_frontend.o(i.nrf_log_panic)
    nrf_log_std_entry_process                0x00001a21   Thumb Code   182  nrf_log_str_formatter.o(i.nrf_log_std_entry_process)
    nrf_memobj_alloc                         0x00001ad7   Thumb Code    96  nrf_memobj.o(i.nrf_memobj_alloc)
    nrf_memobj_free                          0x00001b37   Thumb Code    50  nrf_memobj.o(i.nrf_memobj_free)
    nrf_memobj_get                           0x00001b69   Thumb Code    14  nrf_memobj.o(i.nrf_memobj_get)
    nrf_memobj_pool_init                     0x00001b77   Thumb Code     4  nrf_memobj.o(i.nrf_memobj_pool_init)
    nrf_memobj_put                           0x00001b7b   Thumb Code    34  nrf_memobj.o(i.nrf_memobj_put)
    nrf_memobj_read                          0x00001b9d   Thumb Code    12  nrf_memobj.o(i.nrf_memobj_read)
    nrf_memobj_write                         0x00001ba9   Thumb Code    12  nrf_memobj.o(i.nrf_memobj_write)
    twi_handler                              0x00001ecd   Thumb Code    40  main.o(i.twi_handler)
    twi_init                                 0x00001f21   Thumb Code    40  main.o(i.twi_init)
    nrf_log_backend_uart_api                 0x00002518   Data          12  nrf_log_backend_uart.o(.constdata)
    __ctype_table                            0x00002558   Data         129  ctype_o.o(.constdata)
    Region$$Table$$Base                      0x00002660   Number         0  anon$$obj.o(Region$$Table)
    Region$$Table$$Limit                     0x00002680   Number         0  anon$$obj.o(Region$$Table)
    log_const_data$$Base                     0x00002680   Number         0  nrf_drv_twi.o(log_const_data)
    m_nrf_log_twi_logs_data_const            0x00002680   Data           8  nrf_drv_twi.o(log_const_data)
    m_nrf_log_uart_logs_data_const           0x00002688   Data           8  nrf_drv_uart.o(log_const_data)
    m_nrf_log_balloc_logs_data_const         0x00002690   Data           8  nrf_balloc.o(log_const_data)
    m_nrf_log_app_logs_data_const            0x00002698   Data           8  nrf_log_frontend.o(log_const_data)
    log_const_data$$Limit                    0x000026a0   Number         0  nrf_log_frontend.o(log_const_data)
    m_uart                                   0x2000000c   Data           8  nrf_log_backend_uart.o(.data)
    SystemCoreClock                          0x20000068   Data           4  system_nrf52.o(.data)
    log_dynamic_data$$Base                   0x2000006c   Number         0  nrf_drv_twi.o(log_dynamic_data)
    m_nrf_log_twi_logs_data_dynamic          0x2000006c   Data          12  nrf_drv_twi.o(log_dynamic_data)
    m_nrf_log_uart_logs_data_dynamic         0x20000078   Data          12  nrf_drv_uart.o(log_dynamic_data)
    m_nrf_log_balloc_logs_data_dynamic       0x20000084   Data          12  nrf_balloc.o(log_dynamic_data)
    m_nrf_log_app_logs_data_dynamic          0x20000090   Data          12  nrf_log_frontend.o(log_dynamic_data)
    __initial_sp                             0x20002608   Data           0  arm_startup_nrf52.o(STACK)



==============================================================================

Memory Map of the image

  Image Entry point : 0x00000201

  Load Region LR_IROM1 (Base: 0x00000000, Size: 0x0000273c, Max: 0x00080000, ABSOLUTE)

    Execution Region ER_IROM1 (Base: 0x00000000, Size: 0x000026a0, Max: 0x00080000, ABSOLUTE)

    Base Addr    Size         Type   Attr      Idx    E Section Name        Object

    0x00000000   0x00000200   Data   RO         1851    RESET               arm_startup_nrf52.o
    0x00000200   0x00000000   Code   RO         1892  * .ARM.Collect$$$$00000000  mc_w.l(entry.o)
    0x00000200   0x00000004   Code   RO         1933    .ARM.Collect$$$$00000001  mc_w.l(entry2.o)
    0x00000204   0x00000004   Code   RO         1936    .ARM.Collect$$$$00000004  mc_w.l(entry5.o)
    0x00000208   0x00000000   Code   RO         1938    .ARM.Collect$$$$00000008  mc_w.l(entry7b.o)
    0x00000208   0x00000000   Code   RO         1940    .ARM.Collect$$$$0000000A  mc_w.l(entry8b.o)
    0x00000208   0x00000008   Code   RO         1941    .ARM.Collect$$$$0000000B  mc_w.l(entry9a.o)
    0x00000210   0x00000000   Code   RO         1943    .ARM.Collect$$$$0000000D  mc_w.l(entry10a.o)
    0x00000210   0x00000000   Code   RO         1945    .ARM.Collect$$$$0000000F  mc_w.l(entry11a.o)
    0x00000210   0x00000004   Code   RO         1934    .ARM.Collect$$$$00002712  mc_w.l(entry2.o)
    0x00000214   0x0000009a   Code   RO         1054    .emb_text           nrf_memobj.o
    0x000002ae   0x00000002   PAD
    0x000002b0   0x0000009a   Code   RO         1378    .emb_text           nrf_log_frontend.o
    0x0000034a   0x00000002   PAD
    0x0000034c   0x00000024   Code   RO         1852    .text               arm_startup_nrf52.o
    0x00000370   0x00000008   Code   RO         1895    .text               mc_w.l(ctype_o.o)
    0x00000378   0x00000024   Code   RO         1923    .text               mc_w.l(memcpya.o)
    0x0000039c   0x00000024   Code   RO         1925    .text               mc_w.l(memseta.o)
    0x000003c0   0x0000000e   Code   RO         1927    .text               mc_w.l(strlen.o)
    0x000003ce   0x00000002   PAD
    0x000003d0   0x00000024   Code   RO         1947    .text               mc_w.l(init.o)
    0x000003f4   0x00000010   Code   RO          359    i.SPIM0_SPIS0_TWIM0_TWIS0_SPI0_TWI0_IRQHandler  nrf_drv_twi.o
    0x00000404   0x000002fc   Code   RO         1860    i.SystemInit        system_nrf52.o
    0x00000700   0x0000001c   Code   RO          539    i.UARTE0_UART0_IRQHandler  nrf_drv_uart.o
    0x0000071c   0x0000000e   Code   RO         1951    i.__scatterload_copy  mc_w.l(handlers.o)
    0x0000072a   0x00000002   Code   RO         1952    i.__scatterload_null  mc_w.l(handlers.o)
    0x0000072c   0x0000000e   Code   RO         1953    i.__scatterload_zeroinit  mc_w.l(handlers.o)
    0x0000073a   0x00000002   PAD
    0x0000073c   0x00000078   Code   RO          807    i.app_error_fault_handler  app_error_weak.o
    0x000007b4   0x00000016   Code   RO          768    i.app_error_handler_bare  app_error.o
    0x000007ca   0x00000004   Code   RO          841    i.app_util_critical_region_enter  app_util_platform.o
    0x000007ce   0x00000004   Code   RO          842    i.app_util_critical_region_exit  app_util_platform.o
    0x000007d2   0x00000002   PAD
    0x000007d4   0x00000010   Code   RO          843    i.app_util_disable_irq  app_util_platform.o
    0x000007e4   0x00000014   Code   RO          844    i.app_util_enable_irq  app_util_platform.o
    0x000007f8   0x000000b8   Code   RO          540    i.apply_config      nrf_drv_uart.o
    0x000008b0   0x00000054   Code   RO         1379    i.buf_prealloc      nrf_log_frontend.o
    0x00000904   0x0000001e   Code   RO         1014    i.buffer_add        nrf_fprintf_format.o
    0x00000922   0x00000002   PAD
    0x00000924   0x00000014   Code   RO         1380    i.buffer_is_empty   nrf_log_frontend.o
    0x00000938   0x000000a6   Code   RO         1015    i.int_print         nrf_fprintf_format.o
    0x000009de   0x00000002   PAD
    0x000009e0   0x00000078   Code   RO          541    i.interrupts_enable  nrf_drv_uart.o
    0x00000a58   0x0000014e   Code   RO          360    i.irq_handler_twim  nrf_drv_twi.o
    0x00000ba6   0x00000002   PAD
    0x00000ba8   0x00000090   Code   RO         1382    i.log_skip          nrf_log_frontend.o
    0x00000c38   0x00000088   Code   RO            5    i.main              main.o
    0x00000cc0   0x00000076   Code   RO         1055    i.memobj_op         nrf_memobj.o
    0x00000d36   0x00000002   PAD
    0x00000d38   0x00000038   Code   RO         1383    i.module_idx_get    nrf_log_frontend.o
    0x00000d70   0x0000000c   Code   RO         1384    i.nrf_atomic_flag_clear_fetch  nrf_log_frontend.o
    0x00000d7c   0x0000000e   Code   RO         1385    i.nrf_atomic_flag_set  nrf_log_frontend.o
    0x00000d8a   0x0000003e   Code   RO          930    i.nrf_balloc_alloc  nrf_balloc.o
    0x00000dc8   0x0000002a   Code   RO          931    i.nrf_balloc_free   nrf_balloc.o
    0x00000df2   0x00000030   Code   RO          932    i.nrf_balloc_init   nrf_balloc.o
    0x00000e22   0x00000002   PAD
    0x00000e24   0x0000008c   Code   RO            6    i.nrf_delay_us      main.o
    0x00000eb0   0x0000008c   Code   RO          361    i.nrf_delay_us      nrf_drv_twi.o
    0x00000f3c   0x00000016   Code   RO          542    i.nrf_drv_common_irq_disable  nrf_drv_uart.o
    0x00000f52   0x00000038   Code   RO          318    i.nrf_drv_common_irq_enable  nrf_drv_common.o
    0x00000f8a   0x00000006   Code   RO          543    i.nrf_drv_get_IRQn  nrf_drv_uart.o
    0x00000f90   0x00000010   Code   RO          362    i.nrf_drv_is_in_RAM  nrf_drv_twi.o
    0x00000fa0   0x00000010   Code   RO          544    i.nrf_drv_is_in_RAM  nrf_drv_uart.o
    0x00000fb0   0x00000020   Code   RO          365    i.nrf_drv_twi_enable  nrf_drv_twi.o
    0x00000fd0   0x0000008c   Code   RO          366    i.nrf_drv_twi_init  nrf_drv_twi.o
    0x0000105c   0x00000024   Code   RO          368    i.nrf_drv_twi_rx    nrf_drv_twi.o
    0x00001080   0x00000024   Code   RO          371    i.nrf_drv_twi_tx    nrf_drv_twi.o
    0x000010a4   0x00000024   Code   RO          373    i.nrf_drv_twi_xfer  nrf_drv_twi.o
    0x000010c8   0x00000068   Code   RO          546    i.nrf_drv_uart_init  nrf_drv_uart.o
    0x00001130   0x0000010c   Code   RO          554    i.nrf_drv_uart_tx   nrf_drv_uart.o
    0x0000123c   0x00000018   Code   RO          556    i.nrf_drv_uart_tx_in_progress  nrf_drv_uart.o
    0x00001254   0x00000054   Code   RO          557    i.nrf_drv_uart_uninit  nrf_drv_uart.o
    0x000012a8   0x0000001a   Code   RO          971    i.nrf_fprintf       nrf_fprintf.o
    0x000012c2   0x00000018   Code   RO          972    i.nrf_fprintf_buffer_flush  nrf_fprintf.o
    0x000012da   0x000001da   Code   RO         1016    i.nrf_fprintf_fmt   nrf_fprintf_format.o
    0x000014b4   0x00000024   Code   RO          558    i.nrf_gpio_cfg      nrf_drv_uart.o
    0x000014d8   0x00000012   Code   RO          559    i.nrf_gpio_cfg_default  nrf_drv_uart.o
    0x000014ea   0x00000012   Code   RO          560    i.nrf_gpio_cfg_input  nrf_drv_uart.o
    0x000014fc   0x00000014   Code   RO          561    i.nrf_gpio_cfg_output  nrf_drv_uart.o
    0x00001510   0x0000000e   Code   RO          374    i.nrf_gpio_pin_set  nrf_drv_twi.o
    0x0000151e   0x00000002   PAD
    0x00001520   0x00000068   Code   RO         1386    i.nrf_log_backend_add  nrf_log_frontend.o
    0x00001588   0x000000d2   Code   RO         1239    i.nrf_log_backend_serial_put  nrf_log_backend_serial.o
    0x0000165a   0x00000002   Code   RO         1273    i.nrf_log_backend_uart_flush  nrf_log_backend_uart.o
    0x0000165c   0x00000006   Code   RO         1274    i.nrf_log_backend_uart_init  nrf_log_backend_uart.o
    0x00001662   0x00000002   PAD
    0x00001664   0x00000018   Code   RO         1275    i.nrf_log_backend_uart_panic_set  nrf_log_backend_uart.o
    0x0000167c   0x00000018   Code   RO         1276    i.nrf_log_backend_uart_put  nrf_log_backend_uart.o
    0x00001694   0x00000028   Code   RO         1388    i.nrf_log_color_id_get  nrf_log_frontend.o
    0x000016bc   0x0000001c   Code   RO         1345    i.nrf_log_default_backends_init  nrf_log_default_backends.o
    0x000016d8   0x000001ac   Code   RO         1389    i.nrf_log_frontend_dequeue  nrf_log_frontend.o
    0x00001884   0x00000008   Code   RO         1391    i.nrf_log_frontend_std_0  nrf_log_frontend.o
    0x0000188c   0x0000000e   Code   RO         1392    i.nrf_log_frontend_std_1  nrf_log_frontend.o
    0x0000189a   0x00000002   PAD
    0x0000189c   0x000000ac   Code   RO         1573    i.nrf_log_hexdump_entry_process  nrf_log_str_formatter.o
    0x00001948   0x0000005c   Code   RO         1398    i.nrf_log_init      nrf_log_frontend.o
    0x000019a4   0x00000014   Code   RO         1399    i.nrf_log_module_cnt_get  nrf_log_frontend.o
    0x000019b8   0x00000024   Code   RO         1400    i.nrf_log_module_filter_get  nrf_log_frontend.o
    0x000019dc   0x0000001c   Code   RO         1402    i.nrf_log_module_name_get  nrf_log_frontend.o
    0x000019f8   0x00000028   Code   RO         1403    i.nrf_log_panic     nrf_log_frontend.o
    0x00001a20   0x000000b6   Code   RO         1574    i.nrf_log_std_entry_process  nrf_log_str_formatter.o
    0x00001ad6   0x00000060   Code   RO         1056    i.nrf_memobj_alloc  nrf_memobj.o
    0x00001b36   0x00000032   Code   RO         1057    i.nrf_memobj_free   nrf_memobj.o
    0x00001b68   0x0000000e   Code   RO         1058    i.nrf_memobj_get    nrf_memobj.o
    0x00001b76   0x00000004   Code   RO         1059    i.nrf_memobj_pool_init  nrf_memobj.o
    0x00001b7a   0x00000022   Code   RO         1060    i.nrf_memobj_put    nrf_memobj.o
    0x00001b9c   0x0000000c   Code   RO         1061    i.nrf_memobj_read   nrf_memobj.o
    0x00001ba8   0x0000000c   Code   RO         1062    i.nrf_memobj_write  nrf_memobj.o
    0x00001bb4   0x0000000a   Code   RO          375    i.nrf_twim_event_check  nrf_drv_twi.o
    0x00001bbe   0x0000000c   Code   RO          376    i.nrf_twim_event_clear  nrf_drv_twi.o
    0x00001bca   0x0000000a   Code   RO          562    i.nrf_uart_event_check  nrf_drv_uart.o
    0x00001bd4   0x0000000c   Code   RO          563    i.nrf_uart_event_clear  nrf_drv_uart.o
    0x00001be0   0x0000000c   Code   RO          564    i.nrf_uart_int_enable_check  nrf_drv_uart.o
    0x00001bec   0x0000000a   Code   RO          565    i.nrf_uarte_event_check  nrf_drv_uart.o
    0x00001bf6   0x0000000c   Code   RO          566    i.nrf_uarte_event_clear  nrf_drv_uart.o
    0x00001c02   0x00000002   PAD
    0x00001c04   0x00000078   Code   RO          567    i.pins_to_default   nrf_drv_uart.o
    0x00001c7c   0x0000003c   Code   RO         1575    i.postfix_process   nrf_log_str_formatter.o
    0x00001cb8   0x0000005c   Code   RO         1576    i.prefix_process    nrf_log_str_formatter.o
    0x00001d14   0x00000032   Code   RO          568    i.rx_byte           nrf_drv_uart.o
    0x00001d46   0x00000018   Code   RO          569    i.rx_done_event     nrf_drv_uart.o
    0x00001d5e   0x00000002   PAD
    0x00001d60   0x00000028   Code   RO         1277    i.serial_tx         nrf_log_backend_uart.o
    0x00001d88   0x00000098   Code   RO         1405    i.std_n             nrf_log_frontend.o
    0x00001e20   0x000000aa   Code   RO          377    i.twi_clear_bus     nrf_drv_twi.o
    0x00001eca   0x00000002   PAD
    0x00001ecc   0x00000054   Code   RO            7    i.twi_handler       main.o
    0x00001f20   0x00000030   Code   RO            8    i.twi_init          main.o
    0x00001f50   0x00000238   Code   RO          378    i.twim_xfer         nrf_drv_twi.o
    0x00002188   0x00000020   Code   RO          571    i.tx_byte           nrf_drv_uart.o
    0x000021a8   0x0000001c   Code   RO          572    i.tx_done_event     nrf_drv_uart.o
    0x000021c4   0x0000000c   Code   RO         1278    i.uart_evt_handler  nrf_log_backend_uart.o
    0x000021d0   0x00000050   Code   RO         1279    i.uart_init         nrf_log_backend_uart.o
    0x00002220   0x0000011e   Code   RO          573    i.uart_irq_handler  nrf_drv_uart.o
    0x0000233e   0x000000f0   Code   RO          574    i.uarte_irq_handler  nrf_drv_uart.o
    0x0000242e   0x00000002   PAD
    0x00002430   0x000000b4   Code   RO         1017    i.unsigned_print    nrf_fprintf_format.o
    0x000024e4   0x00000018   Data   RO            9    .constdata          main.o
    0x000024fc   0x0000000c   Data   RO          383    .constdata          nrf_drv_twi.o
    0x00002508   0x00000010   Data   RO         1018    .constdata          nrf_fprintf_format.o
    0x00002518   0x0000000c   Data   RO         1281    .constdata          nrf_log_backend_uart.o
    0x00002524   0x00000020   Data   RO         1282    .constdata          nrf_log_backend_uart.o
    0x00002544   0x00000014   Data   RO         1408    .constdata          nrf_log_frontend.o
    0x00002558   0x00000081   Data   RO         1896    .constdata          mc_w.l(ctype_o.o)
    0x000025d9   0x00000003   PAD
    0x000025dc   0x00000004   Data   RO         1897    .constdata          mc_w.l(ctype_o.o)
    0x000025e0   0x00000066   Data   RO         1577    .conststring        nrf_log_str_formatter.o
    0x00002646   0x00000002   PAD
    0x00002648   0x00000004   Data   RO          384    .conststrlit        nrf_drv_twi.o
    0x0000264c   0x00000005   Data   RO          576    .conststrlit        nrf_drv_uart.o
    0x00002651   0x00000003   PAD
    0x00002654   0x00000007   Data   RO          933    .conststrlit        nrf_balloc.o
    0x0000265b   0x00000001   PAD
    0x0000265c   0x00000004   Data   RO         1410    .conststrlit        nrf_log_frontend.o
    0x00002660   0x00000020   Data   RO         1949    Region$$Table       anon$$obj.o
    0x00002680   0x00000008   Data   RO          385    log_const_data      nrf_drv_twi.o
    0x00002688   0x00000008   Data   RO          577    log_const_data      nrf_drv_uart.o
    0x00002690   0x00000008   Data   RO          934    log_const_data      nrf_balloc.o
    0x00002698   0x00000008   Data   RO         1414    log_const_data      nrf_log_frontend.o


    Execution Region RW_IRAM1 (Base: 0x20000000, Size: 0x00002608, Max: 0x00010000, ABSOLUTE)

    Base Addr    Size         Type   Attr      Idx    E Section Name        Object

    0x20000000   0x00000002   Data   RW           10    .data               main.o
    0x20000002   0x00000002   PAD
    0x20000004   0x00000004   Data   RW          847    .data               app_util_platform.o
    0x20000008   0x0000000c   Data   RW         1283    .data               nrf_log_backend_uart.o
    0x20000014   0x0000000c   Data   RW         1346    .data               nrf_log_default_backends.o
    0x20000020   0x00000008   Data   RW         1412    .data               nrf_log_frontend.o
    0x20000028   0x00000008   Data   RW         1413    .data               nrf_log_frontend.o
    0x20000030   0x00000038   Data   RW         1578    .data               nrf_log_str_formatter.o
    0x20000068   0x00000004   Data   RW         1861    .data               system_nrf52.o
    0x2000006c   0x0000000c   Data   RW          386    log_dynamic_data    nrf_drv_twi.o
    0x20000078   0x0000000c   Data   RW          578    log_dynamic_data    nrf_drv_uart.o
    0x20000084   0x0000000c   Data   RW          935    log_dynamic_data    nrf_balloc.o
    0x20000090   0x0000000c   Data   RW         1415    log_dynamic_data    nrf_log_frontend.o
    0x2000009c   0x00000028   Zero   RW          379    .bss                nrf_drv_twi.o
    0x200000c4   0x00000020   Zero   RW          575    .bss                nrf_drv_uart.o
    0x200000e4   0x00000040   Zero   RW         1280    .bss                nrf_log_backend_uart.o
    0x20000124   0x000000c0   Zero   RW         1406    .bss                nrf_log_frontend.o
    0x200001e4   0x00000420   Zero   RW         1407    .bss                nrf_log_frontend.o
    0x20000604   0x00000004   PAD
    0x20000608   0x00002000   Zero   RW         1849    STACK               arm_startup_nrf52.o


==============================================================================

Image component sizes


      Code (inc. data)   RO Data    RW Data    ZI Data      Debug   Object Name

        22          0          0          0          0       2221   app_error.o
       120         40          0          0          0      27389   app_error_weak.o
        44         10          0          4          0       3340   app_util_platform.o
        36          8        512          0       8192        928   arm_startup_nrf52.o
       408         98         24          2          0      53320   main.o
       152          0         15         12          0       3761   nrf_balloc.o
        56          0          0          0          0      27467   nrf_drv_common.o
      1560         42         24         12         40      63095   nrf_drv_twi.o
      1784         60         13         12         32      37138   nrf_drv_uart.o
        50          0          0          0          0       3465   nrf_fprintf.o
       850          4         16          0          0       4686   nrf_fprintf_format.o
         0          0          0          0          0        716   nrf_log_backend_rtt.o
       210          0          0          0          0      10095   nrf_log_backend_serial.o
       188         36         44         12         64      12206   nrf_log_backend_uart.o
        28          6          0         12          0       3199   nrf_log_default_backends.o
      1446         94         32         28       1248      30114   nrf_log_frontend.o
       506         66        102         56          0       4944   nrf_log_str_formatter.o
       494          0          0          0          0      12283   nrf_memobj.o
       764         64          0          4          0       2955   system_nrf52.o

    ----------------------------------------------------------------------
      8748        528        820        156       9580     303322   Object Totals
         0          0         32          0          0          0   (incl. Generated)
        30          0          6          2          4          0   (incl. Padding)

    ----------------------------------------------------------------------

      Code (inc. data)   RO Data    RW Data    ZI Data      Debug   Library Member Name

         8          4        133          0          0         68   ctype_o.o
         0          0          0          0          0          0   entry.o
         0          0          0          0          0          0   entry10a.o
         0          0          0          0          0          0   entry11a.o
         8          4          0          0          0          0   entry2.o
         4          0          0          0          0          0   entry5.o
         0          0          0          0          0          0   entry7b.o
         0          0          0          0          0          0   entry8b.o
         8          4          0          0          0          0   entry9a.o
        30          0          0          0          0          0   handlers.o
        36          8          0          0          0         68   init.o
        36          0          0          0          0         68   memcpya.o
        36          0          0          0          0        108   memseta.o
        14          0          0          0          0         68   strlen.o

    ----------------------------------------------------------------------
       184         20        136          0          0        380   Library Totals
         4          0          3          0          0          0   (incl. Padding)

    ----------------------------------------------------------------------

      Code (inc. data)   RO Data    RW Data    ZI Data      Debug   Library Name

       180         20        133          0          0        380   mc_w.l

    ----------------------------------------------------------------------
       184         20        136          0          0        380   Library Totals

    ----------------------------------------------------------------------

==============================================================================


      Code (inc. data)   RO Data    RW Data    ZI Data      Debug   

      8932        548        956        156       9580     294254   Grand Totals
      8932        548        956        156       9580     294254   ELF Image Totals
      8932        548        956        156          0          0   ROM Totals

==============================================================================

    Total RO  Size (Code + RO Data)                 9888 (   9.66kB)
    Total RW  Size (RW Data + ZI Data)              9736 (   9.51kB)
    Total ROM Size (Code + RO Data + RW Data)      10044 (   9.81kB)

==============================================================================

